usbd_conf.c:69:6:HAL_PCD_MspInit	200	static
usbd_conf.c:131:6:HAL_PCD_MspDeInit	24	static
usbd_conf.c:180:6:HAL_PCD_SetupStageCallback	16	static
usbd_conf.c:195:6:HAL_PCD_DataOutStageCallback	16	static
usbd_conf.c:210:6:HAL_PCD_DataInStageCallback	16	static
usbd_conf.c:224:6:HAL_PCD_SOFCallback	16	static
usbd_conf.c:238:6:HAL_PCD_ResetCallback	24	static
usbd_conf.c:263:6:HAL_PCD_SuspendCallback	16	static
usbd_conf.c:288:6:HAL_PCD_ResumeCallback	16	static
usbd_conf.c:313:6:HAL_PCD_ISOOUTIncompleteCallback	16	static
usbd_conf.c:328:6:HAL_PCD_ISOINIncompleteCallback	16	static
usbd_conf.c:342:6:HAL_PCD_ConnectCallback	16	static
usbd_conf.c:356:6:HAL_PCD_DisconnectCallback	16	static
usbd_conf.c:371:20:USBD_LL_Init	16	static
usbd_conf.c:421:20:USBD_LL_DeInit	24	static
usbd_conf.c:453:20:USBD_LL_Start	24	static
usbd_conf.c:485:20:USBD_LL_Stop	24	static
usbd_conf.c:520:20:USBD_LL_OpenEP	24	static
usbd_conf.c:553:20:USBD_LL_CloseEP	24	static
usbd_conf.c:586:20:USBD_LL_FlushEP	24	static
usbd_conf.c:619:20:USBD_LL_StallEP	24	static
usbd_conf.c:652:20:USBD_LL_ClearStallEP	24	static
usbd_conf.c:685:9:USBD_LL_IsStallEP	24	static
usbd_conf.c:705:20:USBD_LL_SetUSBAddress	24	static
usbd_conf.c:740:20:USBD_LL_Transmit	32	static
usbd_conf.c:775:20:USBD_LL_PrepareReceive	32	static
usbd_conf.c:808:10:USBD_LL_GetRxDataSize	16	static
usbd_conf.c:817:6:HAL_GPIO_EXTI_Callback	16	static
usbd_conf.c:831:6:HAL_PCDEx_LPM_Callback	16	static
usbd_conf.c:866:6:USBD_LL_Delay	16	static
usbd_conf.c:876:7:USBD_static_malloc	16	static
usbd_conf.c:887:6:USBD_static_free	16	static
usbd_conf.c:898:13:SystemClockConfig_Resume	8	static
