Archive member included to satisfy reference by file (symbol)

c:/st/stm32cubeide_1.8.0/stm32cubeide/plugins/com.st.stm32cube.ide.mcu.externaltools.gnu-tools-for-stm32.9-2020-q2-update.win32_2.0.0.202105311346/tools/bin/../lib/gcc/arm-none-eabi/9.3.1/../../../../arm-none-eabi/lib/thumb/v7e-m+fp/hard\libc_nano.a(lib_a-errno.o)
                              ./Core/Src/syscalls.o (__errno)
c:/st/stm32cubeide_1.8.0/stm32cubeide/plugins/com.st.stm32cube.ide.mcu.externaltools.gnu-tools-for-stm32.9-2020-q2-update.win32_2.0.0.202105311346/tools/bin/../lib/gcc/arm-none-eabi/9.3.1/../../../../arm-none-eabi/lib/thumb/v7e-m+fp/hard\libc_nano.a(lib_a-exit.o)
                              c:/st/stm32cubeide_1.8.0/stm32cubeide/plugins/com.st.stm32cube.ide.mcu.externaltools.gnu-tools-for-stm32.9-2020-q2-update.win32_2.0.0.202105311346/tools/bin/../lib/gcc/arm-none-eabi/9.3.1/../../../../arm-none-eabi/lib/thumb/v7e-m+fp/hard/crt0.o (exit)
c:/st/stm32cubeide_1.8.0/stm32cubeide/plugins/com.st.stm32cube.ide.mcu.externaltools.gnu-tools-for-stm32.9-2020-q2-update.win32_2.0.0.202105311346/tools/bin/../lib/gcc/arm-none-eabi/9.3.1/../../../../arm-none-eabi/lib/thumb/v7e-m+fp/hard\libc_nano.a(lib_a-impure.o)
                              c:/st/stm32cubeide_1.8.0/stm32cubeide/plugins/com.st.stm32cube.ide.mcu.externaltools.gnu-tools-for-stm32.9-2020-q2-update.win32_2.0.0.202105311346/tools/bin/../lib/gcc/arm-none-eabi/9.3.1/../../../../arm-none-eabi/lib/thumb/v7e-m+fp/hard\libc_nano.a(lib_a-exit.o) (_global_impure_ptr)
c:/st/stm32cubeide_1.8.0/stm32cubeide/plugins/com.st.stm32cube.ide.mcu.externaltools.gnu-tools-for-stm32.9-2020-q2-update.win32_2.0.0.202105311346/tools/bin/../lib/gcc/arm-none-eabi/9.3.1/../../../../arm-none-eabi/lib/thumb/v7e-m+fp/hard\libc_nano.a(lib_a-init.o)
                              c:/st/stm32cubeide_1.8.0/stm32cubeide/plugins/com.st.stm32cube.ide.mcu.externaltools.gnu-tools-for-stm32.9-2020-q2-update.win32_2.0.0.202105311346/tools/bin/../lib/gcc/arm-none-eabi/9.3.1/../../../../arm-none-eabi/lib/thumb/v7e-m+fp/hard/crt0.o (__libc_init_array)
c:/st/stm32cubeide_1.8.0/stm32cubeide/plugins/com.st.stm32cube.ide.mcu.externaltools.gnu-tools-for-stm32.9-2020-q2-update.win32_2.0.0.202105311346/tools/bin/../lib/gcc/arm-none-eabi/9.3.1/../../../../arm-none-eabi/lib/thumb/v7e-m+fp/hard\libc_nano.a(lib_a-memset.o)
                              c:/st/stm32cubeide_1.8.0/stm32cubeide/plugins/com.st.stm32cube.ide.mcu.externaltools.gnu-tools-for-stm32.9-2020-q2-update.win32_2.0.0.202105311346/tools/bin/../lib/gcc/arm-none-eabi/9.3.1/../../../../arm-none-eabi/lib/thumb/v7e-m+fp/hard/crt0.o (memset)
c:/st/stm32cubeide_1.8.0/stm32cubeide/plugins/com.st.stm32cube.ide.mcu.externaltools.gnu-tools-for-stm32.9-2020-q2-update.win32_2.0.0.202105311346/tools/bin/../lib/gcc/arm-none-eabi/9.3.1/../../../../arm-none-eabi/lib/thumb/v7e-m+fp/hard\libc_nano.a(lib_a-sprintf.o)
                              ./Core/Src/main.o (sprintf)
c:/st/stm32cubeide_1.8.0/stm32cubeide/plugins/com.st.stm32cube.ide.mcu.externaltools.gnu-tools-for-stm32.9-2020-q2-update.win32_2.0.0.202105311346/tools/bin/../lib/gcc/arm-none-eabi/9.3.1/../../../../arm-none-eabi/lib/thumb/v7e-m+fp/hard\libc_nano.a(lib_a-strlen.o)
                              ./Core/Src/main.o (strlen)
c:/st/stm32cubeide_1.8.0/stm32cubeide/plugins/com.st.stm32cube.ide.mcu.externaltools.gnu-tools-for-stm32.9-2020-q2-update.win32_2.0.0.202105311346/tools/bin/../lib/gcc/arm-none-eabi/9.3.1/../../../../arm-none-eabi/lib/thumb/v7e-m+fp/hard\libc_nano.a(lib_a-nano-svfprintf.o)
                              c:/st/stm32cubeide_1.8.0/stm32cubeide/plugins/com.st.stm32cube.ide.mcu.externaltools.gnu-tools-for-stm32.9-2020-q2-update.win32_2.0.0.202105311346/tools/bin/../lib/gcc/arm-none-eabi/9.3.1/../../../../arm-none-eabi/lib/thumb/v7e-m+fp/hard\libc_nano.a(lib_a-sprintf.o) (_svfprintf_r)
c:/st/stm32cubeide_1.8.0/stm32cubeide/plugins/com.st.stm32cube.ide.mcu.externaltools.gnu-tools-for-stm32.9-2020-q2-update.win32_2.0.0.202105311346/tools/bin/../lib/gcc/arm-none-eabi/9.3.1/../../../../arm-none-eabi/lib/thumb/v7e-m+fp/hard\libc_nano.a(lib_a-nano-vfprintf_i.o)
                              c:/st/stm32cubeide_1.8.0/stm32cubeide/plugins/com.st.stm32cube.ide.mcu.externaltools.gnu-tools-for-stm32.9-2020-q2-update.win32_2.0.0.202105311346/tools/bin/../lib/gcc/arm-none-eabi/9.3.1/../../../../arm-none-eabi/lib/thumb/v7e-m+fp/hard\libc_nano.a(lib_a-nano-svfprintf.o) (_printf_i)
c:/st/stm32cubeide_1.8.0/stm32cubeide/plugins/com.st.stm32cube.ide.mcu.externaltools.gnu-tools-for-stm32.9-2020-q2-update.win32_2.0.0.202105311346/tools/bin/../lib/gcc/arm-none-eabi/9.3.1/../../../../arm-none-eabi/lib/thumb/v7e-m+fp/hard\libc_nano.a(lib_a-memchr.o)
[...]
Memory Configuration

Name             Origin             Length             Attributes
RAM              0x0000000020000000 0x00000000000a0000 xrw
RAM2             0x0000000010000000 0x0000000000010000 xrw
RAM3             0x0000000020040000 0x0000000000060000 xrw
FLASH            0x0000000008000000 0x0000000000200000 xr
*default*        0x0000000000000000 0xffffffffffffffff

Linker script and memory map

LOAD c:/st/stm32cubeide_1.8.0/stm32cubeide/plugins/com.st.stm32cube.ide.mcu.externaltools.gnu-tools-for-stm32.9-2020-q2-update.win32_2.0.0.202105311346/tools/bin/../lib/gcc/arm-none-eabi/9.3.1/thumb/v7e-m+fp/hard/crti.o
LOAD c:/st/stm32cubeide_1.8.0/stm32cubeide/plugins/com.st.stm32cube.ide.mcu.externaltools.gnu-tools-for-stm32.9-2020-q2-update.win32_2.0.0.202105311346/tools/bin/../lib/gcc/arm-none-eabi/9.3.1/thumb/v7e-m+fp/hard/crtbegin.o
LOAD c:/st/stm32cubeide_1.8.0/stm32cubeide/plugins/com.st.stm32cube.ide.mcu.externaltools.gnu-tools-for-stm32.9-2020-q2-update.win32_2.0.0.202105311346/tools/bin/../lib/gcc/arm-none-eabi/9.3.1/../../../../arm-none-eabi/lib/thumb/v7e-m+fp/hard/crt0.o
LOAD ./Core/Src/bitmap_driver.o
LOAD ./Core/Src/main.o
LOAD ./Core/Src/sd_card.o
LOAD ./Core/Src/stm32l4xx_hal_msp.o
LOAD ./Core/Src/stm32l4xx_it.o
LOAD ./Core/Src/syscalls.o
LOAD ./Core/Src/sysmem.o
LOAD ./Core/Src/system_stm32l4xx.o
LOAD ./Core/Startup/startup_stm32l4r5zitx.o
LOAD ./Drivers/STM32L4xx_HAL_Driver/Src/stm32l4xx_hal.o
LOAD ./Drivers/STM32L4xx_HAL_Driver/Src/stm32l4xx_hal_cortex.o
LOAD ./Drivers/STM32L4xx_HAL_Driver/Src/stm32l4xx_hal_dma.o
LOAD ./Drivers/STM32L4xx_HAL_Driver/Src/stm32l4xx_hal_dma_ex.o
LOAD ./Drivers/STM32L4xx_HAL_Driver/Src/stm32l4xx_hal_exti.o
LOAD ./Drivers/STM32L4xx_HAL_Driver/Src/stm32l4xx_hal_flash.o
LOAD ./Drivers/STM32L4xx_HAL_Driver/Src/stm32l4xx_hal_flash_ex.o
LOAD ./Drivers/STM32L4xx_HAL_Driver/Src/stm32l4xx_hal_flash_ramfunc.o
LOAD ./Drivers/STM32L4xx_HAL_Driver/Src/stm32l4xx_hal_gpio.o
LOAD ./Drivers/STM32L4xx_HAL_Driver/Src/stm32l4xx_hal_i2c.o
LOAD ./Drivers/STM32L4xx_HAL_Driver/Src/stm32l4xx_hal_i2c_ex.o
LOAD ./Drivers/STM32L4xx_HAL_Driver/Src/stm32l4xx_hal_pwr.o
LOAD ./Drivers/STM32L4xx_HAL_Driver/Src/stm32l4xx_hal_pwr_ex.o
LOAD ./Drivers/STM32L4xx_HAL_Driver/Src/stm32l4xx_hal_rcc.o
LOAD ./Drivers/STM32L4xx_HAL_Driver/Src/stm32l4xx_hal_rcc_ex.o
LOAD ./Drivers/STM32L4xx_HAL_Driver/Src/stm32l4xx_hal_spi.o
LOAD ./Drivers/STM32L4xx_HAL_Driver/Src/stm32l4xx_hal_spi_ex.o
LOAD ./Drivers/STM32L4xx_HAL_Driver/Src/stm32l4xx_hal_tim.o
LOAD ./Drivers/STM32L4xx_HAL_Driver/Src/stm32l4xx_hal_tim_ex.o
LOAD ./Drivers/STM32L4xx_HAL_Driver/Src/stm32l4xx_hal_uart.o
LOAD ./Drivers/STM32L4xx_HAL_Driver/Src/stm32l4xx_hal_uart_ex.o
LOAD ./FATFS/App/fatfs.o
LOAD ./FATFS/Target/user_diskio.o
LOAD ./Middlewares/Third_Party/FatFs/src/diskio.o
LOAD ./Middlewares/Third_Party/FatFs/src/ff.o
LOAD ./Middlewares/Third_Party/FatFs/src/ff_gen_drv.o
LOAD ./Middlewares/Third_Party/FatFs/src/option/ccsbcs.o
LOAD ./Middlewares/Third_Party/FatFs/src/option/syscall.o
START GROUP
LOAD c:/st/stm32cubeide_1.8.0/stm32cubeide/plugins/com.st.stm32cube.ide.mcu.externaltools.gnu-tools-for-stm32.9-2020-q2-update.win32_2.0.0.202105311346/tools/bin/../lib/gcc/arm-none-eabi/9.3.1/../../../../arm-none-eabi/lib/thumb/v7e-m+fp/hard\libc_nano.a
LOAD c:/st/stm32cubeide_1.8.0/stm32cubeide/plugins/com.st.stm32cube.ide.mcu.externaltools.gnu-tools-for-stm32.9-2020-q2-update.win32_2.0.0.202105311346/tools/bin/../lib/gcc/arm-none-eabi/9.3.1/../../../../arm-none-eabi/lib/thumb/v7e-m+fp/hard\libm.a
END GROUP
START GROUP
LOAD c:/st/stm32cubeide_1.8.0/stm32cubeide/plugins/com.st.stm32cube.ide.mcu.externaltools.gnu-tools-for-stm32.9-2020-q2-update.win32_2.0.0.202105311346/tools/bin/../lib/gcc/arm-none-eabi/9.3.1/thumb/v7e-m+fp/hard\libgcc.a
LOAD c:/st/stm32cubeide_1.8.0/stm32cubeide/plugins/com.st.stm32cube.ide.mcu.externaltools.gnu-tools-for-stm32.9-2020-q2-update.win32_2.0.0.202105311346/tools/bin/../lib/gcc/arm-none-eabi/9.3.1/../../../../arm-none-eabi/lib/thumb/v7e-m+fp/hard\libc_nano.a
END GROUP
START GROUP
LOAD c:/st/stm32cubeide_1.8.0/stm32cubeide/plugins/com.st.stm32cube.ide.mcu.externaltools.gnu-tools-for-stm32.9-2020-q2-update.win32_2.0.0.202105311346/tools/bin/../lib/gcc/arm-none-eabi/9.3.1/thumb/v7e-m+fp/hard\libgcc.a
LOAD c:/st/stm32cubeide_1.8.0/stm32cubeide/plugins/com.st.stm32cube.ide.mcu.externaltools.gnu-tools-for-stm32.9-2020-q2-update.win32_2.0.0.202105311346/tools/bin/../lib/gcc/arm-none-eabi/9.3.1/../../../../arm-none-eabi/lib/thumb/v7e-m+fp/hard\libc_nano.a
LOAD c:/st/stm32cubeide_1.8.0/stm32cubeide/plugins/com.st.stm32cube.ide.mcu.externaltools.gnu-tools-for-stm32.9-2020-q2-update.win32_2.0.0.202105311346/tools/bin/../lib/gcc/arm-none-eabi/9.3.1/../../../../arm-none-eabi/lib/thumb/v7e-m+fp/hard\libnosys.a
END GROUP
START GROUP
LOAD c:/st/stm32cubeide_1.8.0/stm32cubeide/plugins/com.st.stm32cube.ide.mcu.externaltools.gnu-tools-for-stm32.9-2020-q2-update.win32_2.0.0.202105311346/tools/bin/../lib/gcc/arm-none-eabi/9.3.1/thumb/v7e-m+fp/hard\libgcc.a
LOAD c:/st/stm32cubeide_1.8.0/stm32cubeide/plugins/com.st.stm32cube.ide.mcu.externaltools.gnu-tools-for-stm32.9-2020-q2-update.win32_2.0.0.202105311346/tools/bin/../lib/gcc/arm-none-eabi/9.3.1/../../../../arm-none-eabi/lib/thumb/v7e-m+fp/hard\libc_nano.a
LOAD c:/st/stm32cubeide_1.8.0/stm32cubeide/plugins/com.st.stm32cube.ide.mcu.externaltools.gnu-tools-for-stm32.9-2020-q2-update.win32_2.0.0.202105311346/tools/bin/../lib/gcc/arm-none-eabi/9.3.1/../../../../arm-none-eabi/lib/thumb/v7e-m+fp/hard\libnosys.a
END GROUP
LOAD c:/st/stm32cubeide_1.8.0/stm32cubeide/plugins/com.st.stm32cube.ide.mcu.externaltools.gnu-tools-for-stm32.9-2020-q2-update.win32_2.0.0.202105311346/tools/bin/../lib/gcc/arm-none-eabi/9.3.1/thumb/v7e-m+fp/hard/crtend.o
LOAD c:/st/stm32cubeide_1.8.0/stm32cubeide/plugins/com.st.stm32cube.ide.mcu.externaltools.gnu-tools-for-stm32.9-2020-q2-update.win32_2.0.0.202105311346/tools/bin/../lib/gcc/arm-none-eabi/9.3.1/thumb/v7e-m+fp/hard/crtn.o
                0x00000000200a0000                _estack = (ORIGIN (RAM) + LENGTH (RAM))
                0x0000000000000400                _Min_Heap_Size = 0x400
                0x0000000000000800                _Min_Stack_Size = 0x800

.isr_vector     0x0000000008000000      0x1bc
                0x0000000008000000                . = ALIGN (0x4)
 *(.isr_vector)
 .isr_vector    0x0000000008000000      0x1bc ./Core/Startup/startup_stm32l4r5zitx.o
                0x0000000008000000                g_pfnVectors
                0x00000000080001bc                . = ALIGN (0x4)

.text           0x00000000080001c0     0x9530
                0x00000000080001c0                . = ALIGN (0x4)
 *(.text)
 .text          0x00000000080001c0       0x40 c:/st/stm32cubeide_1.8.0/stm32cubeide/plugins/com.st.stm32cube.ide.mcu.externaltools.gnu-tools-for-stm32.9-2020-q2-update.win32_2.0.0.202105311346/tools/bin/../lib/gcc/arm-none-eabi/9.3.1/thumb/v7e-m+fp/hard/crtbegin.o
 .text          0x0000000008000200       0x10 c:/st/stm32cubeide_1.8.0/stm32cubeide/plugins/com.st.stm32cube.ide.mcu.externaltools.gnu-tools-for-stm32.9-2020-q2-update.win32_2.0.0.202105311346/tools/bin/../lib/gcc/arm-none-eabi/9.3.1/../../../../arm-none-eabi/lib/thumb/v7e-m+fp/hard\libc_nano.a(lib_a-strlen.o)
                0x0000000008000200                strlen
 .text          0x0000000008000210       0xa0 c:/st/stm32cubeide_1.8.0/stm32cubeide/plugins/com.st.stm32cube.ide.mcu.externaltools.gnu-tools-for-stm32.9-2020-q2-update.win32_2.0.0.202105311346/tools/bin/../lib/gcc/arm-none-eabi/9.3.1/../../../../arm-none-eabi/lib/thumb/v7e-m+fp/hard\libc_nano.a(lib_a-memchr.o)
                0x0000000008000210                memchr
 .text          0x00000000080002b0       0x30 c:/st/stm32cubeide_1.8.0/stm32cubeide/plugins/com.st.stm32cube.ide.mcu.externaltools.gnu-tools-for-stm32.9-2020-q2-update.win32_2.0.0.202105311346/tools/bin/../lib/gcc/arm-none-eabi/9.3.1/thumb/v7e-m+fp/hard\libgcc.a(_aeabi_uldivmod.o)
                0x00000000080002b0                __aeabi_uldivmod
 .text          0x00000000080002e0      0x2c4 c:/st/stm32cubeide_1.8.0/stm32cubeide/plugins/com.st.stm32cube.ide.mcu.externaltools.gnu-tools-for-stm32.9-2020-q2-update.win32_2.0.0.202105311346/tools/bin/../lib/gcc/arm-none-eabi/9.3.1/thumb/v7e-m+fp/hard\libgcc.a(_udivmoddi4.o)
                0x00000000080002e0                __udivmoddi4
 .text          0x00000000080005a4        0x4 c:/st/stm32cubeide_1.8.0/stm32cubeide/plugins/com.st.stm32cube.ide.mcu.externaltools.gnu-tools-for-stm32.9-2020-q2-update.win32_2.0.0.202105311346/tools/bin/../lib/gcc/arm-none-eabi/9.3.1/thumb/v7e-m+fp/hard\libgcc.a(_dvmd_tls.o)
                0x00000000080005a4                __aeabi_idiv0
                0x00000000080005a4                __aeabi_ldiv0
 *(.text*)
 .text.getBitmapHeader
                0x00000000080005a8      0x100 ./Core/Src/bitmap_driver.o
                0x00000000080005a8                getBitmapHeader
 .text.getImageData
                0x00000000080006a8       0x54 ./Core/Src/bitmap_driver.o
                0x00000000080006a8                getImageData
 .text.fillImageBuffer
                0x00000000080006fc       0x72 ./Core/Src/bitmap_driver.o
                0x00000000080006fc                fillImageBuffer
 *fill*         0x000000000800076e        0x2 
 .text.clearUartBuffer
                0x0000000008000770       0x18 ./Core/Src/main.o
                0x0000000008000770                clearUartBuffer
 .text.send_uart
                0x0000000008000788       0x34 ./Core/Src/main.o
                0x0000000008000788                send_uart
 .text.main     0x00000000080007bc      0x250 ./Core/Src/main.o
                0x00000000080007bc                main
 .text.SystemClock_Config
                0x0000000008000a0c       0xa2 ./Core/Src/main.o
                0x0000000008000a0c                SystemClock_Config
 *fill*         0x0000000008000aae        0x2 
 .text.MX_LPUART1_UART_Init
                0x0000000008000ab0       0x98 ./Core/Src/main.o
 .text.MX_USART3_UART_Init
                0x0000000008000b48       0x98 ./Core/Src/main.o
 .text.MX_SPI1_Init
                0x0000000008000be0       0x7c ./Core/Src/main.o
 .text.MX_GPIO_Init
                0x0000000008000c5c      0x188 ./Core/Src/main.o
 .text.Error_Handler
                0x0000000008000de4       0x20 ./Core/Src/main.o
                0x0000000008000de4                Error_Handler
 .text.select   0x0000000008000e04       0x14 ./Core/Src/sd_card.o
 .text.deselect
                0x0000000008000e18       0x14 ./Core/Src/sd_card.o
 .text.spi_txByte
                0x0000000008000e2c       0x34 ./Core/Src/sd_card.o
 .text.spi_rxByte
                0x0000000008000e60       0x3c ./Core/Src/sd_card.o
 .text.SD_ReadyWait
                0x0000000008000e9c       0x22 ./Core/Src/sd_card.o
 *fill*         0x0000000008000ebe        0x2 
 .text.SD_sendCommand
                0x0000000008000ec0       0xf8 ./Core/Src/sd_card.o
 .text.SD_getCSD
                0x0000000008000fb8       0x70 ./Core/Src/sd_card.o
                0x0000000008000fb8                SD_getCSD
 .text.SD_PowerOn
                0x0000000008001028       0x98 ./Core/Src/sd_card.o
 .text.SD_PowerOff
                0x00000000080010c0       0x18 ./Core/Src/sd_card.o
 .text.SD_init  0x00000000080010d8      0x1c0 ./Core/Src/sd_card.o
                0x00000000080010d8                SD_init
 .text.SD_status
                0x0000000008001298       0x2c ./Core/Src/sd_card.o
                0x0000000008001298                SD_status
 .text.SD_read  0x00000000080012c4       0x8e ./Core/Src/sd_card.o
                0x00000000080012c4                SD_read
 .text.SD_write
                0x0000000008001352       0xb2 ./Core/Src/sd_card.o
                0x0000000008001352                SD_write
 .text.SD_ioctl
                0x0000000008001404      0x24c ./Core/Src/sd_card.o
                0x0000000008001404                SD_ioctl
 .text.HAL_MspInit
                0x0000000008001650       0x48 ./Core/Src/stm32l4xx_hal_msp.o
                0x0000000008001650                HAL_MspInit
 .text.HAL_UART_MspInit
                0x0000000008001698      0x14c ./Core/Src/stm32l4xx_hal_msp.o
                0x0000000008001698                HAL_UART_MspInit
 .text.HAL_SPI_MspInit
                0x00000000080017e4       0xc0 ./Core/Src/stm32l4xx_hal_msp.o
                0x00000000080017e4                HAL_SPI_MspInit
 .text.SDTimer_Handler
                0x00000000080018a4       0x48 ./Core/Src/stm32l4xx_it.o
                0x00000000080018a4                SDTimer_Handler
 .text.NMI_Handler
                0x00000000080018ec        0x6 ./Core/Src/stm32l4xx_it.o
                0x00000000080018ec                NMI_Handler
 .text.HardFault_Handler
                0x00000000080018f2        0x6 ./Core/Src/stm32l4xx_it.o
                0x00000000080018f2                HardFault_Handler
 .text.MemManage_Handler
                0x00000000080018f8        0x6 ./Core/Src/stm32l4xx_it.o
                0x00000000080018f8                MemManage_Handler
 .text.BusFault_Handler
                0x00000000080018fe        0x6 ./Core/Src/stm32l4xx_it.o
                0x00000000080018fe                BusFault_Handler
 .text.UsageFault_Handler
                0x0000000008001904        0x6 ./Core/Src/stm32l4xx_it.o
                0x0000000008001904                UsageFault_Handler
 .text.SVC_Handler
                0x000000000800190a        0xe ./Core/Src/stm32l4xx_it.o
                0x000000000800190a                SVC_Handler
 .text.DebugMon_Handler
                0x0000000008001918        0xe ./Core/Src/stm32l4xx_it.o
                0x0000000008001918                DebugMon_Handler
 .text.PendSV_Handler
                0x0000000008001926        0xe ./Core/Src/stm32l4xx_it.o
                0x0000000008001926                PendSV_Handler
 .text.SysTick_Handler
                0x0000000008001934       0x34 ./Core/Src/stm32l4xx_it.o
                0x0000000008001934                SysTick_Handler
 .text._sbrk    0x0000000008001968       0x6c ./Core/Src/sysmem.o
                0x0000000008001968                _sbrk
 .text.SystemInit
                0x00000000080019d4       0x24 ./Core/Src/system_stm32l4xx.o
                0x00000000080019d4                SystemInit
 .text.Reset_Handler
                0x00000000080019f8       0x50 ./Core/Startup/startup_stm32l4r5zitx.o
                0x00000000080019f8                Reset_Handler
 .text.Default_Handler
                0x0000000008001a48        0x2 ./Core/Startup/startup_stm32l4r5zitx.o
                0x0000000008001a48                RTC_Alarm_IRQHandler
                0x0000000008001a48                EXTI2_IRQHandler
                0x0000000008001a48                TIM8_TRG_COM_IRQHandler
                0x0000000008001a48                TIM8_CC_IRQHandler
                0x0000000008001a48                TIM1_CC_IRQHandler
                0x0000000008001a48                TSC_IRQHandler
                0x0000000008001a48                TAMP_STAMP_IRQHandler
                0x0000000008001a48                EXTI3_IRQHandler
                0x0000000008001a48                LPTIM2_IRQHandler
                0x0000000008001a48                DFSDM1_FLT1_IRQHandler
                0x0000000008001a48                GFXMMU_IRQHandler
                0x0000000008001a48                I2C3_ER_IRQHandler
                0x0000000008001a48                DFSDM1_FLT2_IRQHandler
                0x0000000008001a48                EXTI0_IRQHandler
                0x0000000008001a48                I2C2_EV_IRQHandler
                0x0000000008001a48                CAN1_RX0_IRQHandler
                0x0000000008001a48                FPU_IRQHandler
                0x0000000008001a48                TIM1_UP_TIM16_IRQHandler
                0x0000000008001a48                LTDC_ER_IRQHandler
                0x0000000008001a48                SPI1_IRQHandler
                0x0000000008001a48                OCTOSPI1_IRQHandler
                0x0000000008001a48                TIM6_DAC_IRQHandler
                0x0000000008001a48                DCMI_IRQHandler
                0x0000000008001a48                TIM8_UP_IRQHandler
                0x0000000008001a48                OCTOSPI2_IRQHandler
                0x0000000008001a48                DMA2_Channel2_IRQHandler
                0x0000000008001a48                DMA1_Channel4_IRQHandler
                0x0000000008001a48                SAI2_IRQHandler
                0x0000000008001a48                ADC1_IRQHandler
                0x0000000008001a48                DFSDM1_FLT3_IRQHandler
                0x0000000008001a48                USART3_IRQHandler
                0x0000000008001a48                DMA1_Channel7_IRQHandler
                0x0000000008001a48                CAN1_RX1_IRQHandler
                0x0000000008001a48                UART5_IRQHandler
                0x0000000008001a48                TIM4_IRQHandler
                0x0000000008001a48                DMA2_Channel1_IRQHandler
                0x0000000008001a48                I2C1_EV_IRQHandler
                0x0000000008001a48                DMAMUX1_OVR_IRQHandler
                0x0000000008001a48                DMA1_Channel6_IRQHandler
                0x0000000008001a48                UART4_IRQHandler
                0x0000000008001a48                DMA2_Channel4_IRQHandler
                0x0000000008001a48                TIM3_IRQHandler
                0x0000000008001a48                RCC_IRQHandler
                0x0000000008001a48                DMA1_Channel1_IRQHandler
                0x0000000008001a48                Default_Handler
                0x0000000008001a48                DMA2_Channel7_IRQHandler
                0x0000000008001a48                EXTI15_10_IRQHandler
                0x0000000008001a48                TIM7_IRQHandler
                0x0000000008001a48                SDMMC1_IRQHandler
                0x0000000008001a48                TIM5_IRQHandler
                0x0000000008001a48                I2C3_EV_IRQHandler
                0x0000000008001a48                EXTI9_5_IRQHandler
                0x0000000008001a48                RTC_WKUP_IRQHandler
                0x0000000008001a48                LTDC_IRQHandler
                0x0000000008001a48                PVD_PVM_IRQHandler
                0x0000000008001a48                SPI2_IRQHandler
                0x0000000008001a48                CAN1_TX_IRQHandler
                0x0000000008001a48                DMA2_Channel5_IRQHandler
                0x0000000008001a48                CRS_IRQHandler
                0x0000000008001a48                DMA1_Channel5_IRQHandler
                0x0000000008001a48                EXTI4_IRQHandler
                0x0000000008001a48                RNG_IRQHandler
                0x0000000008001a48                TIM1_TRG_COM_TIM17_IRQHandler
                0x0000000008001a48                DMA1_Channel3_IRQHandler
                0x0000000008001a48                COMP_IRQHandler
                0x0000000008001a48                WWDG_IRQHandler
                0x0000000008001a48                I2C4_EV_IRQHandler
                0x0000000008001a48                LPUART1_IRQHandler
                0x0000000008001a48                DMA2_Channel6_IRQHandler
                0x0000000008001a48                TIM2_IRQHandler
                0x0000000008001a48                DMA2D_IRQHandler
                0x0000000008001a48                EXTI1_IRQHandler
                0x0000000008001a48                USART2_IRQHandler
                0x0000000008001a48                DFSDM1_FLT0_IRQHandler
                0x0000000008001a48                I2C2_ER_IRQHandler
                0x0000000008001a48                DMA1_Channel2_IRQHandler
                0x0000000008001a48                TIM8_BRK_IRQHandler
                0x0000000008001a48                CAN1_SCE_IRQHandler
                0x0000000008001a48                FLASH_IRQHandler
                0x0000000008001a48                USART1_IRQHandler
                0x0000000008001a48                OTG_FS_IRQHandler
                0x0000000008001a48                SPI3_IRQHandler
                0x0000000008001a48                I2C1_ER_IRQHandler
                0x0000000008001a48                FMC_IRQHandler
                0x0000000008001a48                LPTIM1_IRQHandler
                0x0000000008001a48                I2C4_ER_IRQHandler
                0x0000000008001a48                SAI1_IRQHandler
                0x0000000008001a48                DMA2_Channel3_IRQHandler
                0x0000000008001a48                TIM1_BRK_TIM15_IRQHandler
 .text.HAL_Init
                0x0000000008001a4a       0x30 ./Drivers/STM32L4xx_HAL_Driver/Src/stm32l4xx_hal.o
                0x0000000008001a4a                HAL_Init
 *fill*         0x0000000008001a7a        0x2 
 .text.HAL_InitTick
                0x0000000008001a7c       0x78 ./Drivers/STM32L4xx_HAL_Driver/Src/stm32l4xx_hal.o
                0x0000000008001a7c                HAL_InitTick
 .text.HAL_IncTick
                0x0000000008001af4       0x28 ./Drivers/STM32L4xx_HAL_Driver/Src/stm32l4xx_hal.o
                0x0000000008001af4                HAL_IncTick
 .text.HAL_GetTick
                0x0000000008001b1c       0x18 ./Drivers/STM32L4xx_HAL_Driver/Src/stm32l4xx_hal.o
                0x0000000008001b1c                HAL_GetTick
 .text.HAL_Delay
                0x0000000008001b34       0x48 ./Drivers/STM32L4xx_HAL_Driver/Src/stm32l4xx_hal.o
                0x0000000008001b34                HAL_Delay
 .text.__NVIC_SetPriorityGrouping
                0x0000000008001b7c       0x48 ./Drivers/STM32L4xx_HAL_Driver/Src/stm32l4xx_hal_cortex.o
 .text.__NVIC_GetPriorityGrouping
                0x0000000008001bc4       0x1c ./Drivers/STM32L4xx_HAL_Driver/Src/stm32l4xx_hal_cortex.o
 .text.__NVIC_SetPriority
                0x0000000008001be0       0x54 ./Drivers/STM32L4xx_HAL_Driver/Src/stm32l4xx_hal_cortex.o
 .text.NVIC_EncodePriority
                0x0000000008001c34       0x66 ./Drivers/STM32L4xx_HAL_Driver/Src/stm32l4xx_hal_cortex.o
 *fill*         0x0000000008001c9a        0x2 
 .text.SysTick_Config
                0x0000000008001c9c       0x44 ./Drivers/STM32L4xx_HAL_Driver/Src/stm32l4xx_hal_cortex.o
 .text.HAL_NVIC_SetPriorityGrouping
                0x0000000008001ce0       0x16 ./Drivers/STM32L4xx_HAL_Driver/Src/stm32l4xx_hal_cortex.o
                0x0000000008001ce0                HAL_NVIC_SetPriorityGrouping
 .text.HAL_NVIC_SetPriority
                0x0000000008001cf6       0x38 ./Drivers/STM32L4xx_HAL_Driver/Src/stm32l4xx_hal_cortex.o
                0x0000000008001cf6                HAL_NVIC_SetPriority
 .text.HAL_SYSTICK_Config
                0x0000000008001d2e       0x18 ./Drivers/STM32L4xx_HAL_Driver/Src/stm32l4xx_hal_cortex.o
                0x0000000008001d2e                HAL_SYSTICK_Config
 *fill*         0x0000000008001d46        0x2 
 .text.HAL_GPIO_Init
                0x0000000008001d48      0x324 ./Drivers/STM32L4xx_HAL_Driver/Src/stm32l4xx_hal_gpio.o
                0x0000000008001d48                HAL_GPIO_Init
 .text.HAL_GPIO_WritePin
                0x000000000800206c       0x30 ./Drivers/STM32L4xx_HAL_Driver/Src/stm32l4xx_hal_gpio.o
                0x000000000800206c                HAL_GPIO_WritePin
 .text.HAL_GPIO_TogglePin
                0x000000000800209c       0x34 ./Drivers/STM32L4xx_HAL_Driver/Src/stm32l4xx_hal_gpio.o
                0x000000000800209c                HAL_GPIO_TogglePin
 .text.HAL_PWREx_GetVoltageRange
                0x00000000080020d0       0x40 ./Drivers/STM32L4xx_HAL_Driver/Src/stm32l4xx_hal_pwr_ex.o
                0x00000000080020d0                HAL_PWREx_GetVoltageRange
 .text.HAL_PWREx_ControlVoltageScaling
                0x0000000008002110      0x148 ./Drivers/STM32L4xx_HAL_Driver/Src/stm32l4xx_hal_pwr_ex.o
                0x0000000008002110                HAL_PWREx_ControlVoltageScaling
 .text.HAL_PWREx_EnableVddIO2
                0x0000000008002258       0x20 ./Drivers/STM32L4xx_HAL_Driver/Src/stm32l4xx_hal_pwr_ex.o
                0x0000000008002258                HAL_PWREx_EnableVddIO2
 .text.HAL_RCC_OscConfig
                0x0000000008002278      0x84c ./Drivers/STM32L4xx_HAL_Driver/Src/stm32l4xx_hal_rcc.o
                0x0000000008002278                HAL_RCC_OscConfig
 .text.HAL_RCC_ClockConfig
                0x0000000008002ac4      0x258 ./Drivers/STM32L4xx_HAL_Driver/Src/stm32l4xx_hal_rcc.o
                0x0000000008002ac4                HAL_RCC_ClockConfig
 .text.HAL_RCC_GetSysClockFreq
                0x0000000008002d1c      0x118 ./Drivers/STM32L4xx_HAL_Driver/Src/stm32l4xx_hal_rcc.o
                0x0000000008002d1c                HAL_RCC_GetSysClockFreq
 .text.HAL_RCC_GetHCLKFreq
                0x0000000008002e34       0x18 ./Drivers/STM32L4xx_HAL_Driver/Src/stm32l4xx_hal_rcc.o
                0x0000000008002e34                HAL_RCC_GetHCLKFreq
 .text.HAL_RCC_GetPCLK1Freq
                0x0000000008002e4c       0x2c ./Drivers/STM32L4xx_HAL_Driver/Src/stm32l4xx_hal_rcc.o
                0x0000000008002e4c                HAL_RCC_GetPCLK1Freq
 .text.HAL_RCC_GetPCLK2Freq
                0x0000000008002e78       0x2c ./Drivers/STM32L4xx_HAL_Driver/Src/stm32l4xx_hal_rcc.o
                0x0000000008002e78                HAL_RCC_GetPCLK2Freq
 .text.RCC_SetFlashLatencyFromMSIRange
                0x0000000008002ea4       0xb4 ./Drivers/STM32L4xx_HAL_Driver/Src/stm32l4xx_hal_rcc.o
 .text.RCC_GetSysClockFreqFromPLLSource
                0x0000000008002f58       0xd0 ./Drivers/STM32L4xx_HAL_Driver/Src/stm32l4xx_hal_rcc.o
 .text.HAL_RCCEx_PeriphCLKConfig
                0x0000000008003028      0x660 ./Drivers/STM32L4xx_HAL_Driver/Src/stm32l4xx_hal_rcc_ex.o
                0x0000000008003028                HAL_RCCEx_PeriphCLKConfig
 .text.RCCEx_PLLSAI1_Config
                0x0000000008003688      0x1e8 ./Drivers/STM32L4xx_HAL_Driver/Src/stm32l4xx_hal_rcc_ex.o
 .text.RCCEx_PLLSAI2_Config
                0x0000000008003870      0x1e8 ./Drivers/STM32L4xx_HAL_Driver/Src/stm32l4xx_hal_rcc_ex.o
 .text.HAL_SPI_Init
                0x0000000008003a58      0x146 ./Drivers/STM32L4xx_HAL_Driver/Src/stm32l4xx_hal_spi.o
                0x0000000008003a58                HAL_SPI_Init
 .text.HAL_SPI_Transmit
                0x0000000008003b9e      0x2dc ./Drivers/STM32L4xx_HAL_Driver/Src/stm32l4xx_hal_spi.o
                0x0000000008003b9e                HAL_SPI_Transmit
 .text.HAL_SPI_TransmitReceive
                0x0000000008003e7a      0x426 ./Drivers/STM32L4xx_HAL_Driver/Src/stm32l4xx_hal_spi.o
                0x0000000008003e7a                HAL_SPI_TransmitReceive
 .text.HAL_SPI_GetState
                0x00000000080042a0       0x1c ./Drivers/STM32L4xx_HAL_Driver/Src/stm32l4xx_hal_spi.o
                0x00000000080042a0                HAL_SPI_GetState
 .text.SPI_WaitFlagStateUntilTimeout
                0x00000000080042bc      0x110 ./Drivers/STM32L4xx_HAL_Driver/Src/stm32l4xx_hal_spi.o
 .text.SPI_WaitFifoStateUntilTimeout
                0x00000000080043cc      0x12c ./Drivers/STM32L4xx_HAL_Driver/Src/stm32l4xx_hal_spi.o
 .text.SPI_EndRxTxTransaction
                0x00000000080044f8       0x8c ./Drivers/STM32L4xx_HAL_Driver/Src/stm32l4xx_hal_spi.o
 .text.HAL_UART_Init
                0x0000000008004584       0xa0 ./Drivers/STM32L4xx_HAL_Driver/Src/stm32l4xx_hal_uart.o
                0x0000000008004584                HAL_UART_Init
 .text.HAL_UART_Transmit
                0x0000000008004624      0x12e ./Drivers/STM32L4xx_HAL_Driver/Src/stm32l4xx_hal_uart.o
                0x0000000008004624                HAL_UART_Transmit
 *fill*         0x0000000008004752        0x2 
 .text.UART_SetConfig
                0x0000000008004754      0x590 ./Drivers/STM32L4xx_HAL_Driver/Src/stm32l4xx_hal_uart.o
                0x0000000008004754                UART_SetConfig
 .text.UART_AdvFeatureConfig
                0x0000000008004ce4      0x144 ./Drivers/STM32L4xx_HAL_Driver/Src/stm32l4xx_hal_uart.o
                0x0000000008004ce4                UART_AdvFeatureConfig
 .text.UART_CheckIdleState
                0x0000000008004e28       0x96 ./Drivers/STM32L4xx_HAL_Driver/Src/stm32l4xx_hal_uart.o
                0x0000000008004e28                UART_CheckIdleState
 .text.UART_WaitOnFlagUntilTimeout
                0x0000000008004ebe      0x190 ./Drivers/STM32L4xx_HAL_Driver/Src/stm32l4xx_hal_uart.o
                0x0000000008004ebe                UART_WaitOnFlagUntilTimeout
 .text.HAL_UARTEx_DisableFifoMode
                0x000000000800504e       0x72 ./Drivers/STM32L4xx_HAL_Driver/Src/stm32l4xx_hal_uart_ex.o
                0x000000000800504e                HAL_UARTEx_DisableFifoMode
 .text.HAL_UARTEx_SetTxFifoThreshold
                0x00000000080050c0       0x7c ./Drivers/STM32L4xx_HAL_Driver/Src/stm32l4xx_hal_uart_ex.o
                0x00000000080050c0                HAL_UARTEx_SetTxFifoThreshold
 .text.HAL_UARTEx_SetRxFifoThreshold
                0x000000000800513c       0x7c ./Drivers/STM32L4xx_HAL_Driver/Src/stm32l4xx_hal_uart_ex.o
                0x000000000800513c                HAL_UARTEx_SetRxFifoThreshold
 .text.UARTEx_SetNbDataToProcess
                0x00000000080051b8       0x9c ./Drivers/STM32L4xx_HAL_Driver/Src/stm32l4xx_hal_uart_ex.o
 .text.MX_FATFS_Init
                0x0000000008005254       0x24 ./FATFS/App/fatfs.o
                0x0000000008005254                MX_FATFS_Init
 .text.get_fattime
                0x0000000008005278       0x10 ./FATFS/App/fatfs.o
                0x0000000008005278                get_fattime
 .text.USER_initialize
                0x0000000008005288       0x1c ./FATFS/Target/user_diskio.o
                0x0000000008005288                USER_initialize
 .text.USER_status
                0x00000000080052a4       0x1c ./FATFS/Target/user_diskio.o
                0x00000000080052a4                USER_status
 .text.USER_read
                0x00000000080052c0       0x26 ./FATFS/Target/user_diskio.o
                0x00000000080052c0                USER_read
 .text.USER_write
                0x00000000080052e6       0x26 ./FATFS/Target/user_diskio.o
                0x00000000080052e6                USER_write
 .text.USER_ioctl
                0x000000000800530c       0x26 ./FATFS/Target/user_diskio.o
                0x000000000800530c                USER_ioctl
 *fill*         0x0000000008005332        0x2 
 .text.disk_status
                0x0000000008005334       0x34 ./Middlewares/Third_Party/FatFs/src/diskio.o
                0x0000000008005334                disk_status
 .text.disk_initialize
                0x0000000008005368       0x4c ./Middlewares/Third_Party/FatFs/src/diskio.o
                0x0000000008005368                disk_initialize
 .text.disk_read
                0x00000000080053b4       0x40 ./Middlewares/Third_Party/FatFs/src/diskio.o
                0x00000000080053b4                disk_read
 .text.disk_write
                0x00000000080053f4       0x40 ./Middlewares/Third_Party/FatFs/src/diskio.o
                0x00000000080053f4                disk_write
 .text.disk_ioctl
                0x0000000008005434       0x3c ./Middlewares/Third_Party/FatFs/src/diskio.o
                0x0000000008005434                disk_ioctl
 .text.ld_word  0x0000000008005470       0x30 ./Middlewares/Third_Party/FatFs/src/ff.o
 .text.ld_dword
                0x00000000080054a0       0x46 ./Middlewares/Third_Party/FatFs/src/ff.o
 .text.st_word  0x00000000080054e6       0x36 ./Middlewares/Third_Party/FatFs/src/ff.o
 .text.st_dword
                0x000000000800551c       0x58 ./Middlewares/Third_Party/FatFs/src/ff.o
 .text.mem_cpy  0x0000000008005574       0x42 ./Middlewares/Third_Party/FatFs/src/ff.o
 .text.mem_set  0x00000000080055b6       0x36 ./Middlewares/Third_Party/FatFs/src/ff.o
 .text.mem_cmp  0x00000000080055ec       0x4e ./Middlewares/Third_Party/FatFs/src/ff.o
 .text.chk_chr  0x000000000800563a       0x36 ./Middlewares/Third_Party/FatFs/src/ff.o
 .text.chk_lock
                0x0000000008005670       0xb8 ./Middlewares/Third_Party/FatFs/src/ff.o
 .text.enq_lock
                0x0000000008005728       0x44 ./Middlewares/Third_Party/FatFs/src/ff.o
 .text.inc_lock
                0x000000000800576c      0x11c ./Middlewares/Third_Party/FatFs/src/ff.o
 .text.dec_lock
                0x0000000008005888       0x78 ./Middlewares/Third_Party/FatFs/src/ff.o
 .text.clear_lock
                0x0000000008005900       0x48 ./Middlewares/Third_Party/FatFs/src/ff.o
 .text.sync_window
                0x0000000008005948       0x88 ./Middlewares/Third_Party/FatFs/src/ff.o
 .text.move_window
                0x00000000080059d0       0x5a ./Middlewares/Third_Party/FatFs/src/ff.o
 *fill*         0x0000000008005a2a        0x2 
 .text.sync_fs  0x0000000008005a2c       0xe0 ./Middlewares/Third_Party/FatFs/src/ff.o
 .text.clust2sect
                0x0000000008005b0c       0x3e ./Middlewares/Third_Party/FatFs/src/ff.o
 .text.get_fat  0x0000000008005b4a      0x1a8 ./Middlewares/Third_Party/FatFs/src/ff.o
 .text.put_fat  0x0000000008005cf2      0x238 ./Middlewares/Third_Party/FatFs/src/ff.o
 .text.remove_chain
                0x0000000008005f2a       0xca ./Middlewares/Third_Party/FatFs/src/ff.o
 .text.create_chain
                0x0000000008005ff4      0x130 ./Middlewares/Third_Party/FatFs/src/ff.o
 .text.clmt_clust
                0x0000000008006124       0x70 ./Middlewares/Third_Party/FatFs/src/ff.o
 .text.dir_sdi  0x0000000008006194      0x112 ./Middlewares/Third_Party/FatFs/src/ff.o
 .text.dir_next
                0x00000000080062a6      0x1ac ./Middlewares/Third_Party/FatFs/src/ff.o
 .text.dir_alloc
                0x0000000008006452       0x8e ./Middlewares/Third_Party/FatFs/src/ff.o
 .text.ld_clust
                0x00000000080064e0       0x3e ./Middlewares/Third_Party/FatFs/src/ff.o
 .text.st_clust
                0x000000000800651e       0x40 ./Middlewares/Third_Party/FatFs/src/ff.o
 *fill*         0x000000000800655e        0x2 
 .text.cmp_lfn  0x0000000008006560       0xe0 ./Middlewares/Third_Party/FatFs/src/ff.o
 .text.pick_lfn
                0x0000000008006640       0xc8 ./Middlewares/Third_Party/FatFs/src/ff.o
 .text.put_lfn  0x0000000008006708       0xd0 ./Middlewares/Third_Party/FatFs/src/ff.o
 .text.gen_numname
                0x00000000080067d8      0x120 ./Middlewares/Third_Party/FatFs/src/ff.o
 .text.sum_sfn  0x00000000080068f8       0x42 ./Middlewares/Third_Party/FatFs/src/ff.o
 .text.dir_read
                0x000000000800693a      0x14e ./Middlewares/Third_Party/FatFs/src/ff.o
 .text.dir_find
                0x0000000008006a88      0x180 ./Middlewares/Third_Party/FatFs/src/ff.o
 .text.dir_register
                0x0000000008006c08      0x1f0 ./Middlewares/Third_Party/FatFs/src/ff.o
 .text.get_fileinfo
                0x0000000008006df8      0x1ba ./Middlewares/Third_Party/FatFs/src/ff.o
 *fill*         0x0000000008006fb2        0x2 
 .text.get_achar
                0x0000000008006fb4       0x4c ./Middlewares/Third_Party/FatFs/src/ff.o
 .text.pattern_matching
                0x0000000008007000       0xf6 ./Middlewares/Third_Party/FatFs/src/ff.o
 *fill*         0x00000000080070f6        0x2 
 .text.create_name
                0x00000000080070f8      0x370 ./Middlewares/Third_Party/FatFs/src/ff.o
 .text.follow_path
                0x0000000008007468       0xec ./Middlewares/Third_Party/FatFs/src/ff.o
 .text.get_ldnumber
                0x0000000008007554       0x88 ./Middlewares/Third_Party/FatFs/src/ff.o
 .text.check_fs
                0x00000000080075dc       0xac ./Middlewares/Third_Party/FatFs/src/ff.o
 .text.find_volume
                0x0000000008007688      0x510 ./Middlewares/Third_Party/FatFs/src/ff.o
 .text.validate
                0x0000000008007b98       0x6a ./Middlewares/Third_Party/FatFs/src/ff.o
 *fill*         0x0000000008007c02        0x2 
 .text.f_mount  0x0000000008007c04       0x8c ./Middlewares/Third_Party/FatFs/src/ff.o
                0x0000000008007c04                f_mount
 .text.f_open   0x0000000008007c90      0x398 ./Middlewares/Third_Party/FatFs/src/ff.o
                0x0000000008007c90                f_open
 .text.f_read   0x0000000008008028      0x2be ./Middlewares/Third_Party/FatFs/src/ff.o
                0x0000000008008028                f_read
 .text.f_sync   0x00000000080082e6       0xfc ./Middlewares/Third_Party/FatFs/src/ff.o
                0x00000000080082e6                f_sync
 .text.f_close  0x00000000080083e2       0x54 ./Middlewares/Third_Party/FatFs/src/ff.o
                0x00000000080083e2                f_close
 .text.f_lseek  0x0000000008008436      0x448 ./Middlewares/Third_Party/FatFs/src/ff.o
                0x0000000008008436                f_lseek
 .text.f_opendir
                0x000000000800887e       0xe6 ./Middlewares/Third_Party/FatFs/src/ff.o
                0x000000000800887e                f_opendir
 .text.f_readdir
                0x0000000008008964       0x7a ./Middlewares/Third_Party/FatFs/src/ff.o
                0x0000000008008964                f_readdir
 .text.f_findnext
                0x00000000080089de       0x50 ./Middlewares/Third_Party/FatFs/src/ff.o
                0x00000000080089de                f_findnext
 .text.f_findfirst
                0x0000000008008a2e       0x3c ./Middlewares/Third_Party/FatFs/src/ff.o
                0x0000000008008a2e                f_findfirst
 .text.f_getfree
                0x0000000008008a6a      0x16a ./Middlewares/Third_Party/FatFs/src/ff.o
                0x0000000008008a6a                f_getfree
 .text.FATFS_LinkDriverEx
                0x0000000008008bd4       0x98 ./Middlewares/Third_Party/FatFs/src/ff_gen_drv.o
                0x0000000008008bd4                FATFS_LinkDriverEx
 .text.FATFS_LinkDriver
                0x0000000008008c6c       0x1e ./Middlewares/Third_Party/FatFs/src/ff_gen_drv.o
                0x0000000008008c6c                FATFS_LinkDriver
 *fill*         0x0000000008008c8a        0x2 
 .text.ff_convert
                0x0000000008008c8c       0x78 ./Middlewares/Third_Party/FatFs/src/option/ccsbcs.o
                0x0000000008008c8c                ff_convert
 .text.ff_wtoupper
                0x0000000008008d04      0x114 ./Middlewares/Third_Party/FatFs/src/option/ccsbcs.o
                0x0000000008008d04                ff_wtoupper
 .text.__errno  0x0000000008008e18        0xc c:/st/stm32cubeide_1.8.0/stm32cubeide/plugins/com.st.stm32cube.ide.mcu.externaltools.gnu-tools-for-stm32.9-2020-q2-update.win32_2.0.0.202105311346/tools/bin/../lib/gcc/arm-none-eabi/9.3.1/../../../../arm-none-eabi/lib/thumb/v7e-m+fp/hard\libc_nano.a(lib_a-errno.o)
                0x0000000008008e18                __errno
 .text.__libc_init_array
                0x0000000008008e24       0x48 c:/st/stm32cubeide_1.8.0/stm32cubeide/plugins/com.st.stm32cube.ide.mcu.externaltools.gnu-tools-for-stm32.9-2020-q2-update.win32_2.0.0.202105311346/tools/bin/../lib/gcc/arm-none-eabi/9.3.1/../../../../arm-none-eabi/lib/thumb/v7e-m+fp/hard\libc_nano.a(lib_a-init.o)
                0x0000000008008e24                __libc_init_array
 .text.memset   0x0000000008008e6c       0x10 c:/st/stm32cubeide_1.8.0/stm32cubeide/plugins/com.st.stm32cube.ide.mcu.externaltools.gnu-tools-for-stm32.9-2020-q2-update.win32_2.0.0.202105311346/tools/bin/../lib/gcc/arm-none-eabi/9.3.1/../../../../arm-none-eabi/lib/thumb/v7e-m+fp/hard\libc_nano.a(lib_a-memset.o)
                0x0000000008008e6c                memset
 .text.sprintf  0x0000000008008e7c       0x40 c:/st/stm32cubeide_1.8.0/stm32cubeide/plugins/com.st.stm32cube.ide.mcu.externaltools.gnu-tools-for-stm32.9-2020-q2-update.win32_2.0.0.202105311346/tools/bin/../lib/gcc/arm-none-eabi/9.3.1/../../../../arm-none-eabi/lib/thumb/v7e-m+fp/hard\libc_nano.a(lib_a-sprintf.o)
                0x0000000008008e7c                siprintf
                0x0000000008008e7c                sprintf
 .text.__ssputs_r
                0x0000000008008ebc       0xb6 c:/st/stm32cubeide_1.8.0/stm32cubeide/plugins/com.st.stm32cube.ide.mcu.externaltools.gnu-tools-for-stm32.9-2020-q2-update.win32_2.0.0.202105311346/tools/bin/../lib/gcc/arm-none-eabi/9.3.1/../../../../arm-none-eabi/lib/thumb/v7e-m+fp/hard\libc_nano.a(lib_a-nano-svfprintf.o)
                0x0000000008008ebc                __ssputs_r
 *fill*         0x0000000008008f72        0x2 
 .text._svfprintf_r
                0x0000000008008f74      0x200 c:/st/stm32cubeide_1.8.0/stm32cubeide/plugins/com.st.stm32cube.ide.mcu.externaltools.gnu-tools-for-stm32.9-2020-q2-update.win32_2.0.0.202105311346/tools/bin/../lib/gcc/arm-none-eabi/9.3.1/../../../../arm-none-eabi/lib/thumb/v7e-m+fp/hard\libc_nano.a(lib_a-nano-svfprintf.o)
                0x0000000008008f74                _svfiprintf_r
                0x0000000008008f74                _svfprintf_r
 .text._printf_common
                0x0000000008009174       0xda c:/st/stm32cubeide_1.8.0/stm32cubeide/plugins/com.st.stm32cube.ide.mcu.externaltools.gnu-tools-for-stm32.9-2020-q2-update.win32_2.0.0.202105311346/tools/bin/../lib/gcc/arm-none-eabi/9.3.1/../../../../arm-none-eabi/lib/thumb/v7e-m+fp/hard\libc_nano.a(lib_a-nano-vfprintf_i.o)
                0x0000000008009174                _printf_common
 *fill*         0x000000000800924e        0x2 
 .text._printf_i
                0x0000000008009250      0x24c c:/st/stm32cubeide_1.8.0/stm32cubeide/plugins/com.st.stm32cube.ide.mcu.externaltools.gnu-tools-for-stm32.9-2020-q2-update.win32_2.0.0.202105311346/tools/bin/../lib/gcc/arm-none-eabi/9.3.1/../../../../arm-none-eabi/lib/thumb/v7e-m+fp/hard\libc_nano.a(lib_a-nano-vfprintf_i.o)
                0x0000000008009250                _printf_i
 .text.memcpy   0x000000000800949c       0x1c c:/st/stm32cubeide_1.8.0/stm32cubeide/plugins/com.st.stm32cube.ide.mcu.externaltools.gnu-tools-for-stm32.9-2020-q2-update.win32_2.0.0.202105311346/tools/bin/../lib/gcc/arm-none-eabi/9.3.1/../../../../arm-none-eabi/lib/thumb/v7e-m+fp/hard\libc_nano.a(lib_a-memcpy-stub.o)
                0x000000000800949c                memcpy
 .text.memmove  0x00000000080094b8       0x34 c:/st/stm32cubeide_1.8.0/stm32cubeide/plugins/com.st.stm32cube.ide.mcu.externaltools.gnu-tools-for-stm32.9-2020-q2-update.win32_2.0.0.202105311346/tools/bin/../lib/gcc/arm-none-eabi/9.3.1/../../../../arm-none-eabi/lib/thumb/v7e-m+fp/hard\libc_nano.a(lib_a-memmove.o)
                0x00000000080094b8                memmove
 .text._free_r  0x00000000080094ec       0xa0 c:/st/stm32cubeide_1.8.0/stm32cubeide/plugins/com.st.stm32cube.ide.mcu.externaltools.gnu-tools-for-stm32.9-2020-q2-update.win32_2.0.0.202105311346/tools/bin/../lib/gcc/arm-none-eabi/9.3.1/../../../../arm-none-eabi/lib/thumb/v7e-m+fp/hard\libc_nano.a(lib_a-nano-freer.o)
                0x00000000080094ec                _free_r
 .text._malloc_r
                0x000000000800958c       0xb4 c:/st/stm32cubeide_1.8.0/stm32cubeide/plugins/com.st.stm32cube.ide.mcu.externaltools.gnu-tools-for-stm32.9-2020-q2-update.win32_2.0.0.202105311346/tools/bin/../lib/gcc/arm-none-eabi/9.3.1/../../../../arm-none-eabi/lib/thumb/v7e-m+fp/hard\libc_nano.a(lib_a-nano-mallocr.o)
                0x000000000800958c                _malloc_r
 .text._realloc_r
                0x0000000008009640       0x4c c:/st/stm32cubeide_1.8.0/stm32cubeide/plugins/com.st.stm32cube.ide.mcu.externaltools.gnu-tools-for-stm32.9-2020-q2-update.win32_2.0.0.202105311346/tools/bin/../lib/gcc/arm-none-eabi/9.3.1/../../../../arm-none-eabi/lib/thumb/v7e-m+fp/hard\libc_nano.a(lib_a-nano-reallocr.o)
                0x0000000008009640                _realloc_r
 .text._sbrk_r  0x000000000800968c       0x20 c:/st/stm32cubeide_1.8.0/stm32cubeide/plugins/com.st.stm32cube.ide.mcu.externaltools.gnu-tools-for-stm32.9-2020-q2-update.win32_2.0.0.202105311346/tools/bin/../lib/gcc/arm-none-eabi/9.3.1/../../../../arm-none-eabi/lib/thumb/v7e-m+fp/hard\libc_nano.a(lib_a-sbrkr.o)
                0x000000000800968c                _sbrk_r
 .text.__malloc_lock
                0x00000000080096ac        0xc c:/st/stm32cubeide_1.8.0/stm32cubeide/plugins/com.st.stm32cube.ide.mcu.externaltools.gnu-tools-for-stm32.9-2020-q2-update.win32_2.0.0.202105311346/tools/bin/../lib/gcc/arm-none-eabi/9.3.1/../../../../arm-none-eabi/lib/thumb/v7e-m+fp/hard\libc_nano.a(lib_a-mlock.o)
                0x00000000080096ac                __malloc_lock
 .text.__malloc_unlock
                0x00000000080096b8        0xc c:/st/stm32cubeide_1.8.0/stm32cubeide/plugins/com.st.stm32cube.ide.mcu.externaltools.gnu-tools-for-stm32.9-2020-q2-update.win32_2.0.0.202105311346/tools/bin/../lib/gcc/arm-none-eabi/9.3.1/../../../../arm-none-eabi/lib/thumb/v7e-m+fp/hard\libc_nano.a(lib_a-mlock.o)
                0x00000000080096b8                __malloc_unlock
 .text._malloc_usable_size_r
                0x00000000080096c4       0x10 c:/st/stm32cubeide_1.8.0/stm32cubeide/plugins/com.st.stm32cube.ide.mcu.externaltools.gnu-tools-for-stm32.9-2020-q2-update.win32_2.0.0.202105311346/tools/bin/../lib/gcc/arm-none-eabi/9.3.1/../../../../arm-none-eabi/lib/thumb/v7e-m+fp/hard\libc_nano.a(lib_a-nano-msizer.o)
                0x00000000080096c4                _malloc_usable_size_r
 .text.__retarget_lock_acquire_recursive
                0x00000000080096d4        0x2 c:/st/stm32cubeide_1.8.0/stm32cubeide/plugins/com.st.stm32cube.ide.mcu.externaltools.gnu-tools-for-stm32.9-2020-q2-update.win32_2.0.0.202105311346/tools/bin/../lib/gcc/arm-none-eabi/9.3.1/../../../../arm-none-eabi/lib/thumb/v7e-m+fp/hard\libc_nano.a(lib_a-lock.o)
                0x00000000080096d4                __retarget_lock_acquire_recursive
 .text.__retarget_lock_release_recursive
                0x00000000080096d6        0x2 c:/st/stm32cubeide_1.8.0/stm32cubeide/plugins/com.st.stm32cube.ide.mcu.externaltools.gnu-tools-for-stm32.9-2020-q2-update.win32_2.0.0.202105311346/tools/bin/../lib/gcc/arm-none-eabi/9.3.1/../../../../arm-none-eabi/lib/thumb/v7e-m+fp/hard\libc_nano.a(lib_a-lock.o)
                0x00000000080096d6                __retarget_lock_release_recursive
 *(.glue_7)
 .glue_7        0x00000000080096d8        0x0 linker stubs
 *(.glue_7t)
 .glue_7t       0x00000000080096d8        0x0 linker stubs
 *(.eh_frame)
 .eh_frame      0x00000000080096d8        0x0 c:/st/stm32cubeide_1.8.0/stm32cubeide/plugins/com.st.stm32cube.ide.mcu.externaltools.gnu-tools-for-stm32.9-2020-q2-update.win32_2.0.0.202105311346/tools/bin/../lib/gcc/arm-none-eabi/9.3.1/thumb/v7e-m+fp/hard/crtbegin.o
 *(.init)
 .init          0x00000000080096d8        0x4 c:/st/stm32cubeide_1.8.0/stm32cubeide/plugins/com.st.stm32cube.ide.mcu.externaltools.gnu-tools-for-stm32.9-2020-q2-update.win32_2.0.0.202105311346/tools/bin/../lib/gcc/arm-none-eabi/9.3.1/thumb/v7e-m+fp/hard/crti.o
                0x00000000080096d8                _init
 .init          0x00000000080096dc        0x8 c:/st/stm32cubeide_1.8.0/stm32cubeide/plugins/com.st.stm32cube.ide.mcu.externaltools.gnu-tools-for-stm32.9-2020-q2-update.win32_2.0.0.202105311346/tools/bin/../lib/gcc/arm-none-eabi/9.3.1/thumb/v7e-m+fp/hard/crtn.o
 *(.fini)
 .fini          0x00000000080096e4        0x4 c:/st/stm32cubeide_1.8.0/stm32cubeide/plugins/com.st.stm32cube.ide.mcu.externaltools.gnu-tools-for-stm32.9-2020-q2-update.win32_2.0.0.202105311346/tools/bin/../lib/gcc/arm-none-eabi/9.3.1/thumb/v7e-m+fp/hard/crti.o
                0x00000000080096e4                _fini
 .fini          0x00000000080096e8        0x8 c:/st/stm32cubeide_1.8.0/stm32cubeide/plugins/com.st.stm32cube.ide.mcu.externaltools.gnu-tools-for-stm32.9-2020-q2-update.win32_2.0.0.202105311346/tools/bin/../lib/gcc/arm-none-eabi/9.3.1/thumb/v7e-m+fp/hard/crtn.o
                0x00000000080096f0                . = ALIGN (0x4)
                0x00000000080096f0                _etext = .

.vfp11_veneer   0x00000000080096f0        0x0
 .vfp11_veneer  0x00000000080096f0        0x0 linker stubs

.v4_bx          0x00000000080096f0        0x0
 .v4_bx         0x00000000080096f0        0x0 linker stubs

.iplt           0x00000000080096f0        0x0
 .iplt          0x00000000080096f0        0x0 c:/st/stm32cubeide_1.8.0/stm32cubeide/plugins/com.st.stm32cube.ide.mcu.externaltools.gnu-tools-for-stm32.9-2020-q2-update.win32_2.0.0.202105311346/tools/bin/../lib/gcc/arm-none-eabi/9.3.1/thumb/v7e-m+fp/hard/crtbegin.o

.rodata         0x00000000080096f0      0x5e0
                0x00000000080096f0                . = ALIGN (0x4)
 *(.rodata)
 .rodata        0x00000000080096f0       0xb4 ./Core/Src/main.o
 .rodata        0x00000000080097a4       0x48 ./Middlewares/Third_Party/FatFs/src/ff.o
 *(.rodata*)
 .rodata.AHBPrescTable
                0x00000000080097ec       0x10 ./Core/Src/system_stm32l4xx.o
                0x00000000080097ec                AHBPrescTable
 .rodata.APBPrescTable
                0x00000000080097fc        0x8 ./Core/Src/system_stm32l4xx.o
                0x00000000080097fc                APBPrescTable
 .rodata.MSIRangeTable
                0x0000000008009804       0x30 ./Core/Src/system_stm32l4xx.o
                0x0000000008009804                MSIRangeTable
 .rodata.UARTPrescTable
                0x0000000008009834       0x18 ./Drivers/STM32L4xx_HAL_Driver/Src/stm32l4xx_hal_uart.o
                0x0000000008009834                UARTPrescTable
 .rodata.numerator.8726
                0x000000000800984c        0x8 ./Drivers/STM32L4xx_HAL_Driver/Src/stm32l4xx_hal_uart_ex.o
 .rodata.denominator.8727
                0x0000000008009854        0x8 ./Drivers/STM32L4xx_HAL_Driver/Src/stm32l4xx_hal_uart_ex.o
 .rodata.ExCvt  0x000000000800985c       0x80 ./Middlewares/Third_Party/FatFs/src/ff.o
 .rodata.LfnOfs
                0x00000000080098dc        0xd ./Middlewares/Third_Party/FatFs/src/ff.o
 *fill*         0x00000000080098e9        0x3 
 .rodata.Tbl    0x00000000080098ec      0x100 ./Middlewares/Third_Party/FatFs/src/option/ccsbcs.o
 .rodata.cvt1.9477
                0x00000000080099ec      0x1f2 ./Middlewares/Third_Party/FatFs/src/option/ccsbcs.o
 *fill*         0x0000000008009bde        0x2 
 .rodata.cvt2.9478
                0x0000000008009be0       0xbc ./Middlewares/Third_Party/FatFs/src/option/ccsbcs.o
 .rodata._svfprintf_r.str1.1
                0x0000000008009c9c       0x11 c:/st/stm32cubeide_1.8.0/stm32cubeide/plugins/com.st.stm32cube.ide.mcu.externaltools.gnu-tools-for-stm32.9-2020-q2-update.win32_2.0.0.202105311346/tools/bin/../lib/gcc/arm-none-eabi/9.3.1/../../../../arm-none-eabi/lib/thumb/v7e-m+fp/hard\libc_nano.a(lib_a-nano-svfprintf.o)
 .rodata._printf_i.str1.1
                0x0000000008009cad       0x22 c:/st/stm32cubeide_1.8.0/stm32cubeide/plugins/com.st.stm32cube.ide.mcu.externaltools.gnu-tools-for-stm32.9-2020-q2-update.win32_2.0.0.202105311346/tools/bin/../lib/gcc/arm-none-eabi/9.3.1/../../../../arm-none-eabi/lib/thumb/v7e-m+fp/hard\libc_nano.a(lib_a-nano-vfprintf_i.o)
                0x0000000008009cd0                . = ALIGN (0x4)
 *fill*         0x0000000008009ccf        0x1 

.ARM.extab      0x0000000008009cd0        0x0
                0x0000000008009cd0                . = ALIGN (0x4)
 *(.ARM.extab* .gnu.linkonce.armextab.*)
                0x0000000008009cd0                . = ALIGN (0x4)

.ARM            0x0000000008009cd0        0x8
                0x0000000008009cd0                . = ALIGN (0x4)
                0x0000000008009cd0                __exidx_start = .
 *(.ARM.exidx*)
 .ARM.exidx     0x0000000008009cd0        0x8 c:/st/stm32cubeide_1.8.0/stm32cubeide/plugins/com.st.stm32cube.ide.mcu.externaltools.gnu-tools-for-stm32.9-2020-q2-update.win32_2.0.0.202105311346/tools/bin/../lib/gcc/arm-none-eabi/9.3.1/thumb/v7e-m+fp/hard\libgcc.a(_udivmoddi4.o)
                0x0000000008009cd8                __exidx_end = .
                0x0000000008009cd8                . = ALIGN (0x4)

.rel.dyn        0x0000000008009cd8        0x0
 .rel.iplt      0x0000000008009cd8        0x0 c:/st/stm32cubeide_1.8.0/stm32cubeide/plugins/com.st.stm32cube.ide.mcu.externaltools.gnu-tools-for-stm32.9-2020-q2-update.win32_2.0.0.202105311346/tools/bin/../lib/gcc/arm-none-eabi/9.3.1/thumb/v7e-m+fp/hard/crtbegin.o

.preinit_array  0x0000000008009cd8        0x0
                0x0000000008009cd8                . = ALIGN (0x4)
                0x0000000008009cd8                PROVIDE (__preinit_array_start = .)
 *(.preinit_array*)
                0x0000000008009cd8                PROVIDE (__preinit_array_end = .)
                0x0000000008009cd8                . = ALIGN (0x4)

.init_array     0x0000000008009cd8        0x4
                0x0000000008009cd8                . = ALIGN (0x4)
                0x0000000008009cd8                PROVIDE (__init_array_start = .)
 *(SORT_BY_NAME(.init_array.*))
 *(.init_array*)
 .init_array    0x0000000008009cd8        0x4 c:/st/stm32cubeide_1.8.0/stm32cubeide/plugins/com.st.stm32cube.ide.mcu.externaltools.gnu-tools-for-stm32.9-2020-q2-update.win32_2.0.0.202105311346/tools/bin/../lib/gcc/arm-none-eabi/9.3.1/thumb/v7e-m+fp/hard/crtbegin.o
                0x0000000008009cdc                PROVIDE (__init_array_end = .)
                0x0000000008009cdc                . = ALIGN (0x4)

.fini_array     0x0000000008009cdc        0x4
                0x0000000008009cdc                . = ALIGN (0x4)
                [!provide]                        PROVIDE (__fini_array_start = .)
 *(SORT_BY_NAME(.fini_array.*))
 *(.fini_array*)
 .fini_array    0x0000000008009cdc        0x4 c:/st/stm32cubeide_1.8.0/stm32cubeide/plugins/com.st.stm32cube.ide.mcu.externaltools.gnu-tools-for-stm32.9-2020-q2-update.win32_2.0.0.202105311346/tools/bin/../lib/gcc/arm-none-eabi/9.3.1/thumb/v7e-m+fp/hard/crtbegin.o
                [!provide]                        PROVIDE (__fini_array_end = .)
                0x0000000008009ce0                . = ALIGN (0x4)
                0x0000000008009ce0                _sidata = LOADADDR (.data)

.data           0x0000000020000000       0x88 load address 0x0000000008009ce0
                0x0000000020000000                . = ALIGN (0x4)
                0x0000000020000000                _sdata = .
 *(.data)
 *(.data*)
 .data.Stat     0x0000000020000000        0x1 ./Core/Src/sd_card.o
 *fill*         0x0000000020000001        0x3 
 .data.SystemCoreClock
                0x0000000020000004        0x4 ./Core/Src/system_stm32l4xx.o
                0x0000000020000004                SystemCoreClock
 .data.uwTickPrio
                0x0000000020000008        0x4 ./Drivers/STM32L4xx_HAL_Driver/Src/stm32l4xx_hal.o
                0x0000000020000008                uwTickPrio
 .data.uwTickFreq
                0x000000002000000c        0x1 ./Drivers/STM32L4xx_HAL_Driver/Src/stm32l4xx_hal.o
                0x000000002000000c                uwTickFreq
 *fill*         0x000000002000000d        0x3 
 .data.USER_Driver
                0x0000000020000010       0x14 ./FATFS/Target/user_diskio.o
                0x0000000020000010                USER_Driver
 .data._impure_ptr
                0x0000000020000024        0x4 c:/st/stm32cubeide_1.8.0/stm32cubeide/plugins/com.st.stm32cube.ide.mcu.externaltools.gnu-tools-for-stm32.9-2020-q2-update.win32_2.0.0.202105311346/tools/bin/../lib/gcc/arm-none-eabi/9.3.1/../../../../arm-none-eabi/lib/thumb/v7e-m+fp/hard\libc_nano.a(lib_a-impure.o)
                0x0000000020000024                _impure_ptr
 .data.impure_data
                0x0000000020000028       0x60 c:/st/stm32cubeide_1.8.0/stm32cubeide/plugins/com.st.stm32cube.ide.mcu.externaltools.gnu-tools-for-stm32.9-2020-q2-update.win32_2.0.0.202105311346/tools/bin/../lib/gcc/arm-none-eabi/9.3.1/../../../../arm-none-eabi/lib/thumb/v7e-m+fp/hard\libc_nano.a(lib_a-impure.o)
 *(.RamFunc)
 *(.RamFunc*)
                0x0000000020000088                . = ALIGN (0x4)
                0x0000000020000088                _edata = .

.igot.plt       0x0000000020000088        0x0 load address 0x0000000008009d68
 .igot.plt      0x0000000020000088        0x0 c:/st/stm32cubeide_1.8.0/stm32cubeide/plugins/com.st.stm32cube.ide.mcu.externaltools.gnu-tools-for-stm32.9-2020-q2-update.win32_2.0.0.202105311346/tools/bin/../lib/gcc/arm-none-eabi/9.3.1/thumb/v7e-m+fp/hard/crtbegin.o
                0x0000000020000088                . = ALIGN (0x4)

.bss            0x0000000020000088     0x26ec load address 0x0000000008009d68
                0x0000000020000088                _sbss = .
                0x0000000020000088                __bss_start__ = _sbss
 *(.bss)
 .bss           0x0000000020000088       0x1c c:/st/stm32cubeide_1.8.0/stm32cubeide/plugins/com.st.stm32cube.ide.mcu.externaltools.gnu-tools-for-stm32.9-2020-q2-update.win32_2.0.0.202105311346/tools/bin/../lib/gcc/arm-none-eabi/9.3.1/thumb/v7e-m+fp/hard/crtbegin.o
 *(.bss*)
 .bss.PowerFlag
                0x00000000200000a4        0x1 ./Core/Src/sd_card.o
 .bss.CardType  0x00000000200000a5        0x1 ./Core/Src/sd_card.o
 .bss.FatFsCnt  0x00000000200000a6        0x1 ./Core/Src/stm32l4xx_it.o
                0x00000000200000a6                FatFsCnt
 *fill*         0x00000000200000a7        0x1 
 .bss.__sbrk_heap_end
                0x00000000200000a8        0x4 ./Core/Src/sysmem.o
 .bss.FatFs     0x00000000200000ac        0x4 ./Middlewares/Third_Party/FatFs/src/ff.o
 .bss.Fsid      0x00000000200000b0        0x2 ./Middlewares/Third_Party/FatFs/src/ff.o
 *fill*         0x00000000200000b2        0x2 
 .bss.Files     0x00000000200000b4       0x20 ./Middlewares/Third_Party/FatFs/src/ff.o
 .bss.LfnBuf    0x00000000200000d4      0x200 ./Middlewares/Third_Party/FatFs/src/ff.o
 .bss.disk      0x00000000200002d4        0xc ./Middlewares/Third_Party/FatFs/src/ff_gen_drv.o
                0x00000000200002d4                disk
 .bss.__malloc_free_list
                0x00000000200002e0        0x4 c:/st/stm32cubeide_1.8.0/stm32cubeide/plugins/com.st.stm32cube.ide.mcu.externaltools.gnu-tools-for-stm32.9-2020-q2-update.win32_2.0.0.202105311346/tools/bin/../lib/gcc/arm-none-eabi/9.3.1/../../../../arm-none-eabi/lib/thumb/v7e-m+fp/hard\libc_nano.a(lib_a-nano-mallocr.o)
                0x00000000200002e0                __malloc_free_list
 .bss.__malloc_sbrk_start
                0x00000000200002e4        0x4 c:/st/stm32cubeide_1.8.0/stm32cubeide/plugins/com.st.stm32cube.ide.mcu.externaltools.gnu-tools-for-stm32.9-2020-q2-update.win32_2.0.0.202105311346/tools/bin/../lib/gcc/arm-none-eabi/9.3.1/../../../../arm-none-eabi/lib/thumb/v7e-m+fp/hard\libc_nano.a(lib_a-nano-mallocr.o)
                0x00000000200002e4                __malloc_sbrk_start
 *(COMMON)
 COMMON         0x00000000200002e8      0x200 ./Core/Src/bitmap_driver.o
                0x00000000200002e8                readBuffer
 COMMON         0x00000000200004e8      0x204 ./Core/Src/main.o
                0x00000000200004e8                huart3
                0x0000000020000578                hlpuart1
                0x0000000020000608                hspi1
                0x000000002000066c                uartbuffer
 COMMON         0x00000000200006ec        0x1 ./Core/Src/sd_card.o
                0x00000000200006ec                SDHC_flag
 COMMON         0x00000000200006ed        0x2 ./Core/Src/stm32l4xx_it.o
                0x00000000200006ed                Timer2
                0x00000000200006ee                Timer1
 *fill*         0x00000000200006ef        0x1 
 COMMON         0x00000000200006f0        0x4 ./Drivers/STM32L4xx_HAL_Driver/Src/stm32l4xx_hal.o
                0x00000000200006f0                uwTick
 COMMON         0x00000000200006f4     0x2070 ./FATFS/App/fatfs.o
                0x00000000200006f4                USERPath
                0x00000000200006f8                retUSER
                0x00000000200006fc                USERFile
                0x000000002000172c                USERFatFS
 COMMON         0x0000000020002764        0x4 c:/st/stm32cubeide_1.8.0/stm32cubeide/plugins/com.st.stm32cube.ide.mcu.externaltools.gnu-tools-for-stm32.9-2020-q2-update.win32_2.0.0.202105311346/tools/bin/../lib/gcc/arm-none-eabi/9.3.1/../../../../arm-none-eabi/lib/thumb/v7e-m+fp/hard\libc_nano.a(lib_a-reent.o)
                0x0000000020002764                errno
 COMMON         0x0000000020002768        0x9 c:/st/stm32cubeide_1.8.0/stm32cubeide/plugins/com.st.stm32cube.ide.mcu.externaltools.gnu-tools-for-stm32.9-2020-q2-update.win32_2.0.0.202105311346/tools/bin/../lib/gcc/arm-none-eabi/9.3.1/../../../../arm-none-eabi/lib/thumb/v7e-m+fp/hard\libc_nano.a(lib_a-lock.o)
                0x0000000020002768                __lock___atexit_recursive_mutex
                0x0000000020002769                __lock___arc4random_mutex
                0x000000002000276a                __lock___env_recursive_mutex
                0x000000002000276b                __lock___sinit_recursive_mutex
                0x000000002000276c                __lock___malloc_recursive_mutex
                0x000000002000276d                __lock___at_quick_exit_mutex
                0x000000002000276e                __lock___dd_hash_mutex
                0x000000002000276f                __lock___tz_mutex
                0x0000000020002770                __lock___sfp_recursive_mutex
                0x0000000020002774                . = ALIGN (0x4)
 *fill*         0x0000000020002771        0x3 
                0x0000000020002774                _ebss = .
                0x0000000020002774                __bss_end__ = _ebss

._user_heap_stack
                0x0000000020002774      0xc04 load address 0x0000000008009d68
                0x0000000020002778                . = ALIGN (0x8)
 *fill*         0x0000000020002774        0x4 
                [!provide]                        PROVIDE (end = .)
                0x0000000020002778                PROVIDE (_end = .)
                0x0000000020002b78                . = (. + _Min_Heap_Size)
 *fill*         0x0000000020002778      0x400 
                0x0000000020003378                . = (. + _Min_Stack_Size)
 *fill*         0x0000000020002b78      0x800 
                0x0000000020003378                . = ALIGN (0x8)

/DISCARD/
 libc.a(*)
 libm.a(*)
 libgcc.a(*)

.ARM.attributes
                0x0000000000000000       0x30
 *(.ARM.attributes)
 .ARM.attributes
                0x0000000000000000       0x1e c:/st/stm32cubeide_1.8.0/stm32cubeide/plugins/com.st.stm32cube.ide.mcu.externaltools.gnu-tools-for-stm32.9-2020-q2-update.win32_2.0.0.202105311346/tools/bin/../lib/gcc/arm-none-eabi/9.3.1/thumb/v7e-m+fp/hard/crti.o
 .ARM.attributes
                0x000000000000001e       0x34 c:/st/stm32cubeide_1.8.0/stm32cubeide/plugins/com.st.stm32cube.ide.mcu.externaltools.gnu-tools-for-stm32.9-2020-q2-update.win32_2.0.0.202105311346/tools/bin/../lib/gcc/arm-none-eabi/9.3.1/thumb/v7e-m+fp/hard/crtbegin.o
 .ARM.attributes
                0x0000000000000052       0x34 ./Core/Src/bitmap_driver.o
 .ARM.attributes
                0x0000000000000086       0x34 ./Core/Src/main.o
 .ARM.attributes
                0x00000000000000ba       0x34 ./Core/Src/sd_card.o
 .ARM.attributes
                0x00000000000000ee       0x34 ./Core/Src/stm32l4xx_hal_msp.o
 .ARM.attributes
                0x0000000000000122       0x34 ./Core/Src/stm32l4xx_it.o
 .ARM.attributes
                0x0000000000000156       0x34 ./Core/Src/sysmem.o
 .ARM.attributes
                0x000000000000018a       0x34 ./Core/Src/system_stm32l4xx.o
 .ARM.attributes
                0x00000000000001be       0x21 ./Core/Startup/startup_stm32l4r5zitx.o
 .ARM.attributes
                0x00000000000001df       0x34 ./Drivers/STM32L4xx_HAL_Driver/Src/stm32l4xx_hal.o
 .ARM.attributes
                0x0000000000000213       0x34 ./Drivers/STM32L4xx_HAL_Driver/Src/stm32l4xx_hal_cortex.o
 .ARM.attributes
                0x0000000000000247       0x34 ./Drivers/STM32L4xx_HAL_Driver/Src/stm32l4xx_hal_gpio.o
 .ARM.attributes
                0x000000000000027b       0x34 ./Drivers/STM32L4xx_HAL_Driver/Src/stm32l4xx_hal_pwr_ex.o
 .ARM.attributes
                0x00000000000002af       0x34 ./Drivers/STM32L4xx_HAL_Driver/Src/stm32l4xx_hal_rcc.o
 .ARM.attributes
                0x00000000000002e3       0x34 ./Drivers/STM32L4xx_HAL_Driver/Src/stm32l4xx_hal_rcc_ex.o
 .ARM.attributes
                0x0000000000000317       0x34 ./Drivers/STM32L4xx_HAL_Driver/Src/stm32l4xx_hal_spi.o
 .ARM.attributes
                0x000000000000034b       0x34 ./Drivers/STM32L4xx_HAL_Driver/Src/stm32l4xx_hal_uart.o
 .ARM.attributes
                0x000000000000037f       0x34 ./Drivers/STM32L4xx_HAL_Driver/Src/stm32l4xx_hal_uart_ex.o
 .ARM.attributes
                0x00000000000003b3       0x34 ./FATFS/App/fatfs.o
 .ARM.attributes
                0x00000000000003e7       0x34 ./FATFS/Target/user_diskio.o
 .ARM.attributes
                0x000000000000041b       0x34 ./Middlewares/Third_Party/FatFs/src/diskio.o
 .ARM.attributes
                0x000000000000044f       0x34 ./Middlewares/Third_Party/FatFs/src/ff.o
 .ARM.attributes
                0x0000000000000483       0x34 ./Middlewares/Third_Party/FatFs/src/ff_gen_drv.o
 .ARM.attributes
                0x00000000000004b7       0x34 ./Middlewares/Third_Party/FatFs/src/option/ccsbcs.o
 .ARM.attributes
                0x00000000000004eb       0x34 c:/st/stm32cubeide_1.8.0/stm32cubeide/plugins/com.st.stm32cube.ide.mcu.externaltools.gnu-tools-for-stm32.9-2020-q2-update.win32_2.0.0.202105311346/tools/bin/../lib/gcc/arm-none-eabi/9.3.1/../../../../arm-none-eabi/lib/thumb/v7e-m+fp/hard\libc_nano.a(lib_a-errno.o)
 .ARM.attributes
                0x000000000000051f       0x32 c:/st/stm32cubeide_1.8.0/stm32cubeide/plugins/com.st.stm32cube.ide.mcu.externaltools.gnu-tools-for-stm32.9-2020-q2-update.win32_2.0.0.202105311346/tools/bin/../lib/gcc/arm-none-eabi/9.3.1/../../../../arm-none-eabi/lib/thumb/v7e-m+fp/hard\libc_nano.a(lib_a-impure.o)
 .ARM.attributes
                0x0000000000000551       0x34 c:/st/stm32cubeide_1.8.0/stm32cubeide/plugins/com.st.stm32cube.ide.mcu.externaltools.gnu-tools-for-stm32.9-2020-q2-update.win32_2.0.0.202105311346/tools/bin/../lib/gcc/arm-none-eabi/9.3.1/../../../../arm-none-eabi/lib/thumb/v7e-m+fp/hard\libc_nano.a(lib_a-init.o)
 .ARM.attributes
                0x0000000000000585       0x34 c:/st/stm32cubeide_1.8.0/stm32cubeide/plugins/com.st.stm32cube.ide.mcu.externaltools.gnu-tools-for-stm32.9-2020-q2-update.win32_2.0.0.202105311346/tools/bin/../lib/gcc/arm-none-eabi/9.3.1/../../../../arm-none-eabi/lib/thumb/v7e-m+fp/hard\libc_nano.a(lib_a-memset.o)
 .ARM.attributes
                0x00000000000005b9       0x34 c:/st/stm32cubeide_1.8.0/stm32cubeide/plugins/com.st.stm32cube.ide.mcu.externaltools.gnu-tools-for-stm32.9-2020-q2-update.win32_2.0.0.202105311346/tools/bin/../lib/gcc/arm-none-eabi/9.3.1/../../../../arm-none-eabi/lib/thumb/v7e-m+fp/hard\libc_nano.a(lib_a-sprintf.o)
 .ARM.attributes
                0x00000000000005ed       0x17 c:/st/stm32cubeide_1.8.0/stm32cubeide/plugins/com.st.stm32cube.ide.mcu.externaltools.gnu-tools-for-stm32.9-2020-q2-update.win32_2.0.0.202105311346/tools/bin/../lib/gcc/arm-none-eabi/9.3.1/../../../../arm-none-eabi/lib/thumb/v7e-m+fp/hard\libc_nano.a(lib_a-strlen.o)
 .ARM.attributes
                0x0000000000000604       0x34 c:/st/stm32cubeide_1.8.0/stm32cubeide/plugins/com.st.stm32cube.ide.mcu.externaltools.gnu-tools-for-stm32.9-2020-q2-update.win32_2.0.0.202105311346/tools/bin/../lib/gcc/arm-none-eabi/9.3.1/../../../../arm-none-eabi/lib/thumb/v7e-m+fp/hard\libc_nano.a(lib_a-nano-svfprintf.o)
 .ARM.attributes
                0x0000000000000638       0x34 c:/st/stm32cubeide_1.8.0/stm32cubeide/plugins/com.st.stm32cube.ide.mcu.externaltools.gnu-tools-for-stm32.9-2020-q2-update.win32_2.0.0.202105311346/tools/bin/../lib/gcc/arm-none-eabi/9.3.1/../../../../arm-none-eabi/lib/thumb/v7e-m+fp/hard\libc_nano.a(lib_a-nano-vfprintf_i.o)
 .ARM.attributes
                0x000000000000066c       0x1c c:/st/stm32cubeide_1.8.0/stm32cubeide/plugins/com.st.stm32cube.ide.mcu.externaltools.gnu-tools-for-stm32.9-2020-q2-update.win32_2.0.0.202105311346/tools/bin/../lib/gcc/arm-none-eabi/9.3.1/../../../../arm-none-eabi/lib/thumb/v7e-m+fp/hard\libc_nano.a(lib_a-memchr.o)
 .ARM.attributes
                0x0000000000000688       0x34 c:/st/stm32cubeide_1.8.0/stm32cubeide/plugins/com.st.stm32cube.ide.mcu.externaltools.gnu-tools-for-stm32.9-2020-q2-update.win32_2.0.0.202105311346/tools/bin/../lib/gcc/arm-none-eabi/9.3.1/../../../../arm-none-eabi/lib/thumb/v7e-m+fp/hard\libc_nano.a(lib_a-memcpy-stub.o)
 .ARM.attributes
                0x00000000000006bc       0x34 c:/st/stm32cubeide_1.8.0/stm32cubeide/plugins/com.st.stm32cube.ide.mcu.externaltools.gnu-tools-for-stm32.9-2020-q2-update.win32_2.0.0.202105311346/tools/bin/../lib/gcc/arm-none-eabi/9.3.1/../../../../arm-none-eabi/lib/thumb/v7e-m+fp/hard\libc_nano.a(lib_a-memmove.o)
 .ARM.attributes
                0x00000000000006f0       0x34 c:/st/stm32cubeide_1.8.0/stm32cubeide/plugins/com.st.stm32cube.ide.mcu.externaltools.gnu-tools-for-stm32.9-2020-q2-update.win32_2.0.0.202105311346/tools/bin/../lib/gcc/arm-none-eabi/9.3.1/../../../../arm-none-eabi/lib/thumb/v7e-m+fp/hard\libc_nano.a(lib_a-nano-freer.o)
 .ARM.attributes
                0x0000000000000724       0x34 c:/st/stm32cubeide_1.8.0/stm32cubeide/plugins/com.st.stm32cube.ide.mcu.externaltools.gnu-tools-for-stm32.9-2020-q2-update.win32_2.0.0.202105311346/tools/bin/../lib/gcc/arm-none-eabi/9.3.1/../../../../arm-none-eabi/lib/thumb/v7e-m+fp/hard\libc_nano.a(lib_a-nano-mallocr.o)
 .ARM.attributes
                0x0000000000000758       0x34 c:/st/stm32cubeide_1.8.0/stm32cubeide/plugins/com.st.stm32cube.ide.mcu.externaltools.gnu-tools-for-stm32.9-2020-q2-update.win32_2.0.0.202105311346/tools/bin/../lib/gcc/arm-none-eabi/9.3.1/../../../../arm-none-eabi/lib/thumb/v7e-m+fp/hard\libc_nano.a(lib_a-nano-reallocr.o)
 .ARM.attributes
                0x000000000000078c       0x34 c:/st/stm32cubeide_1.8.0/stm32cubeide/plugins/com.st.stm32cube.ide.mcu.externaltools.gnu-tools-for-stm32.9-2020-q2-update.win32_2.0.0.202105311346/tools/bin/../lib/gcc/arm-none-eabi/9.3.1/../../../../arm-none-eabi/lib/thumb/v7e-m+fp/hard\libc_nano.a(lib_a-sbrkr.o)
 .ARM.attributes
                0x00000000000007c0       0x34 c:/st/stm32cubeide_1.8.0/stm32cubeide/plugins/com.st.stm32cube.ide.mcu.externaltools.gnu-tools-for-stm32.9-2020-q2-update.win32_2.0.0.202105311346/tools/bin/../lib/gcc/arm-none-eabi/9.3.1/../../../../arm-none-eabi/lib/thumb/v7e-m+fp/hard\libc_nano.a(lib_a-mlock.o)
 .ARM.attributes
                0x00000000000007f4       0x34 c:/st/stm32cubeide_1.8.0/stm32cubeide/plugins/com.st.stm32cube.ide.mcu.externaltools.gnu-tools-for-stm32.9-2020-q2-update.win32_2.0.0.202105311346/tools/bin/../lib/gcc/arm-none-eabi/9.3.1/../../../../arm-none-eabi/lib/thumb/v7e-m+fp/hard\libc_nano.a(lib_a-nano-msizer.o)
 .ARM.attributes
                0x0000000000000828       0x34 c:/st/stm32cubeide_1.8.0/stm32cubeide/plugins/com.st.stm32cube.ide.mcu.externaltools.gnu-tools-for-stm32.9-2020-q2-update.win32_2.0.0.202105311346/tools/bin/../lib/gcc/arm-none-eabi/9.3.1/../../../../arm-none-eabi/lib/thumb/v7e-m+fp/hard\libc_nano.a(lib_a-reent.o)
 .ARM.attributes
                0x000000000000085c       0x34 c:/st/stm32cubeide_1.8.0/stm32cubeide/plugins/com.st.stm32cube.ide.mcu.externaltools.gnu-tools-for-stm32.9-2020-q2-update.win32_2.0.0.202105311346/tools/bin/../lib/gcc/arm-none-eabi/9.3.1/../../../../arm-none-eabi/lib/thumb/v7e-m+fp/hard\libc_nano.a(lib_a-lock.o)
 .ARM.attributes
                0x0000000000000890       0x1e c:/st/stm32cubeide_1.8.0/stm32cubeide/plugins/com.st.stm32cube.ide.mcu.externaltools.gnu-tools-for-stm32.9-2020-q2-update.win32_2.0.0.202105311346/tools/bin/../lib/gcc/arm-none-eabi/9.3.1/thumb/v7e-m+fp/hard\libgcc.a(_aeabi_uldivmod.o)
 .ARM.attributes
                0x00000000000008ae       0x34 c:/st/stm32cubeide_1.8.0/stm32cubeide/plugins/com.st.stm32cube.ide.mcu.externaltools.gnu-tools-for-stm32.9-2020-q2-update.win32_2.0.0.202105311346/tools/bin/../lib/gcc/arm-none-eabi/9.3.1/thumb/v7e-m+fp/hard\libgcc.a(_udivmoddi4.o)
 .ARM.attributes
                0x00000000000008e2       0x1e c:/st/stm32cubeide_1.8.0/stm32cubeide/plugins/com.st.stm32cube.ide.mcu.externaltools.gnu-tools-for-stm32.9-2020-q2-update.win32_2.0.0.202105311346/tools/bin/../lib/gcc/arm-none-eabi/9.3.1/thumb/v7e-m+fp/hard\libgcc.a(_dvmd_tls.o)
 .ARM.attributes
                0x0000000000000900       0x1e c:/st/stm32cubeide_1.8.0/stm32cubeide/plugins/com.st.stm32cube.ide.mcu.externaltools.gnu-tools-for-stm32.9-2020-q2-update.win32_2.0.0.202105311346/tools/bin/../lib/gcc/arm-none-eabi/9.3.1/thumb/v7e-m+fp/hard/crtn.o
OUTPUT(AMS_SDCARD.elf elf32-littlearm)
LOAD linker stubs
LOAD c:/st/stm32cubeide_1.8.0/stm32cubeide/plugins/com.st.stm32cube.ide.mcu.externaltools.gnu-tools-for-stm32.9-2020-q2-update.win32_2.0.0.202105311346/tools/bin/../lib/gcc/arm-none-eabi/9.3.1/../../../../arm-none-eabi/lib/thumb/v7e-m+fp/hard\libc.a
LOAD c:/st/stm32cubeide_1.8.0/stm32cubeide/plugins/com.st.stm32cube.ide.mcu.externaltools.gnu-tools-for-stm32.9-2020-q2-update.win32_2.0.0.202105311346/tools/bin/../lib/gcc/arm-none-eabi/9.3.1/../../../../arm-none-eabi/lib/thumb/v7e-m+fp/hard\libm.a
LOAD c:/st/stm32cubeide_1.8.0/stm32cubeide/plugins/com.st.stm32cube.ide.mcu.externaltools.gnu-tools-for-stm32.9-2020-q2-update.win32_2.0.0.202105311346/tools/bin/../lib/gcc/arm-none-eabi/9.3.1/thumb/v7e-m+fp/hard\libgcc.a

.debug_info     0x0000000000000000    0x1cd1d
 .debug_info    0x0000000000000000     0x1330 ./Core/Src/bitmap_driver.o
 .debug_info    0x0000000000001330     0x243d ./Core/Src/main.o
 .debug_info    0x000000000000376d     0x1b6c ./Core/Src/sd_card.o
 .debug_info    0x00000000000052d9     0x1438 ./Core/Src/stm32l4xx_hal_msp.o
 .debug_info    0x0000000000006711      0x3ff ./Core/Src/stm32l4xx_it.o
 .debug_info    0x0000000000006b10      0xa25 ./Core/Src/sysmem.o
 .debug_info    0x0000000000007535      0x7e9 ./Core/Src/system_stm32l4xx.o
 .debug_info    0x0000000000007d1e       0x22 ./Core/Startup/startup_stm32l4r5zitx.o
 .debug_info    0x0000000000007d40      0xd56 ./Drivers/STM32L4xx_HAL_Driver/Src/stm32l4xx_hal.o
 .debug_info    0x0000000000008a96     0x1085 ./Drivers/STM32L4xx_HAL_Driver/Src/stm32l4xx_hal_cortex.o
 .debug_info    0x0000000000009b1b      0xabd ./Drivers/STM32L4xx_HAL_Driver/Src/stm32l4xx_hal_gpio.o
 .debug_info    0x000000000000a5d8      0xcad ./Drivers/STM32L4xx_HAL_Driver/Src/stm32l4xx_hal_pwr_ex.o
 .debug_info    0x000000000000b285      0xf8a ./Drivers/STM32L4xx_HAL_Driver/Src/stm32l4xx_hal_rcc.o
 .debug_info    0x000000000000c20f     0x13c7 ./Drivers/STM32L4xx_HAL_Driver/Src/stm32l4xx_hal_rcc_ex.o
 .debug_info    0x000000000000d5d6     0x1a54 ./Drivers/STM32L4xx_HAL_Driver/Src/stm32l4xx_hal_spi.o
 .debug_info    0x000000000000f02a     0x4aaf ./Drivers/STM32L4xx_HAL_Driver/Src/stm32l4xx_hal_uart.o
 .debug_info    0x0000000000013ad9     0x119b ./Drivers/STM32L4xx_HAL_Driver/Src/stm32l4xx_hal_uart_ex.o
 .debug_info    0x0000000000014c74     0x1020 ./FATFS/App/fatfs.o
 .debug_info    0x0000000000015c94     0x112b ./FATFS/Target/user_diskio.o
 .debug_info    0x0000000000016dbf      0xf38 ./Middlewares/Third_Party/FatFs/src/diskio.o
 .debug_info    0x0000000000017cf7     0x3457 ./Middlewares/Third_Party/FatFs/src/ff.o
 .debug_info    0x000000000001b14e      0xec9 ./Middlewares/Third_Party/FatFs/src/ff_gen_drv.o
 .debug_info    0x000000000001c017      0xd06 ./Middlewares/Third_Party/FatFs/src/option/ccsbcs.o

.debug_abbrev   0x0000000000000000     0x3314
 .debug_abbrev  0x0000000000000000      0x269 ./Core/Src/bitmap_driver.o
 .debug_abbrev  0x0000000000000269      0x332 ./Core/Src/main.o
 .debug_abbrev  0x000000000000059b      0x35a ./Core/Src/sd_card.o
 .debug_abbrev  0x00000000000008f5      0x1d9 ./Core/Src/stm32l4xx_hal_msp.o
 .debug_abbrev  0x0000000000000ace      0x11d ./Core/Src/stm32l4xx_it.o
 .debug_abbrev  0x0000000000000beb      0x1bf ./Core/Src/sysmem.o
 .debug_abbrev  0x0000000000000daa      0x165 ./Core/Src/system_stm32l4xx.o
 .debug_abbrev  0x0000000000000f0f       0x12 ./Core/Startup/startup_stm32l4r5zitx.o
 .debug_abbrev  0x0000000000000f21      0x227 ./Drivers/STM32L4xx_HAL_Driver/Src/stm32l4xx_hal.o
 .debug_abbrev  0x0000000000001148      0x33c ./Drivers/STM32L4xx_HAL_Driver/Src/stm32l4xx_hal_cortex.o
 .debug_abbrev  0x0000000000001484      0x1e8 ./Drivers/STM32L4xx_HAL_Driver/Src/stm32l4xx_hal_gpio.o
 .debug_abbrev  0x000000000000166c      0x1f3 ./Drivers/STM32L4xx_HAL_Driver/Src/stm32l4xx_hal_pwr_ex.o
 .debug_abbrev  0x000000000000185f      0x2b1 ./Drivers/STM32L4xx_HAL_Driver/Src/stm32l4xx_hal_rcc.o
 .debug_abbrev  0x0000000000001b10      0x268 ./Drivers/STM32L4xx_HAL_Driver/Src/stm32l4xx_hal_rcc_ex.o
 .debug_abbrev  0x0000000000001d78      0x254 ./Drivers/STM32L4xx_HAL_Driver/Src/stm32l4xx_hal_spi.o
 .debug_abbrev  0x0000000000001fcc      0x2c2 ./Drivers/STM32L4xx_HAL_Driver/Src/stm32l4xx_hal_uart.o
 .debug_abbrev  0x000000000000228e      0x2a2 ./Drivers/STM32L4xx_HAL_Driver/Src/stm32l4xx_hal_uart_ex.o
 .debug_abbrev  0x0000000000002530      0x209 ./FATFS/App/fatfs.o
 .debug_abbrev  0x0000000000002739      0x240 ./FATFS/Target/user_diskio.o
 .debug_abbrev  0x0000000000002979      0x237 ./Middlewares/Third_Party/FatFs/src/diskio.o
 .debug_abbrev  0x0000000000002bb0      0x2e1 ./Middlewares/Third_Party/FatFs/src/ff.o
 .debug_abbrev  0x0000000000002e91      0x268 ./Middlewares/Third_Party/FatFs/src/ff_gen_drv.o
 .debug_abbrev  0x00000000000030f9      0x21b ./Middlewares/Third_Party/FatFs/src/option/ccsbcs.o

.debug_aranges  0x0000000000000000     0x1010
 .debug_aranges
                0x0000000000000000       0x30 ./Core/Src/bitmap_driver.o
 .debug_aranges
                0x0000000000000030       0x60 ./Core/Src/main.o
 .debug_aranges
                0x0000000000000090       0x88 ./Core/Src/sd_card.o
 .debug_aranges
                0x0000000000000118       0x40 ./Core/Src/stm32l4xx_hal_msp.o
 .debug_aranges
                0x0000000000000158       0x68 ./Core/Src/stm32l4xx_it.o
 .debug_aranges
                0x00000000000001c0       0x20 ./Core/Src/sysmem.o
 .debug_aranges
                0x00000000000001e0       0x28 ./Core/Src/system_stm32l4xx.o
 .debug_aranges
                0x0000000000000208       0x28 ./Core/Startup/startup_stm32l4r5zitx.o
 .debug_aranges
                0x0000000000000230      0x130 ./Drivers/STM32L4xx_HAL_Driver/Src/stm32l4xx_hal.o
 .debug_aranges
                0x0000000000000360      0x118 ./Drivers/STM32L4xx_HAL_Driver/Src/stm32l4xx_hal_cortex.o
 .debug_aranges
                0x0000000000000478       0x58 ./Drivers/STM32L4xx_HAL_Driver/Src/stm32l4xx_hal_gpio.o
 .debug_aranges
                0x00000000000004d0      0x170 ./Drivers/STM32L4xx_HAL_Driver/Src/stm32l4xx_hal_pwr_ex.o
 .debug_aranges
                0x0000000000000640       0x98 ./Drivers/STM32L4xx_HAL_Driver/Src/stm32l4xx_hal_rcc.o
 .debug_aranges
                0x00000000000006d8      0x110 ./Drivers/STM32L4xx_HAL_Driver/Src/stm32l4xx_hal_rcc_ex.o
 .debug_aranges
                0x00000000000007e8      0x1d8 ./Drivers/STM32L4xx_HAL_Driver/Src/stm32l4xx_hal_spi.o
 .debug_aranges
                0x00000000000009c0      0x248 ./Drivers/STM32L4xx_HAL_Driver/Src/stm32l4xx_hal_uart.o
 .debug_aranges
                0x0000000000000c08       0xa0 ./Drivers/STM32L4xx_HAL_Driver/Src/stm32l4xx_hal_uart_ex.o
 .debug_aranges
                0x0000000000000ca8       0x28 ./FATFS/App/fatfs.o
 .debug_aranges
                0x0000000000000cd0       0x40 ./FATFS/Target/user_diskio.o
 .debug_aranges
                0x0000000000000d10       0x48 ./Middlewares/Third_Party/FatFs/src/diskio.o
 .debug_aranges
                0x0000000000000d58      0x250 ./Middlewares/Third_Party/FatFs/src/ff.o
 .debug_aranges
                0x0000000000000fa8       0x40 ./Middlewares/Third_Party/FatFs/src/ff_gen_drv.o
 .debug_aranges
                0x0000000000000fe8       0x28 ./Middlewares/Third_Party/FatFs/src/option/ccsbcs.o

.debug_ranges   0x0000000000000000      0xed8
 .debug_ranges  0x0000000000000000       0x20 ./Core/Src/bitmap_driver.o
 .debug_ranges  0x0000000000000020       0x50 ./Core/Src/main.o
 .debug_ranges  0x0000000000000070       0x78 ./Core/Src/sd_card.o
 .debug_ranges  0x00000000000000e8       0x30 ./Core/Src/stm32l4xx_hal_msp.o
 .debug_ranges  0x0000000000000118       0x58 ./Core/Src/stm32l4xx_it.o
 .debug_ranges  0x0000000000000170       0x10 ./Core/Src/sysmem.o
 .debug_ranges  0x0000000000000180       0x18 ./Core/Src/system_stm32l4xx.o
 .debug_ranges  0x0000000000000198       0x20 ./Core/Startup/startup_stm32l4r5zitx.o
 .debug_ranges  0x00000000000001b8      0x120 ./Drivers/STM32L4xx_HAL_Driver/Src/stm32l4xx_hal.o
 .debug_ranges  0x00000000000002d8      0x108 ./Drivers/STM32L4xx_HAL_Driver/Src/stm32l4xx_hal_cortex.o
 .debug_ranges  0x00000000000003e0       0x48 ./Drivers/STM32L4xx_HAL_Driver/Src/stm32l4xx_hal_gpio.o
 .debug_ranges  0x0000000000000428      0x160 ./Drivers/STM32L4xx_HAL_Driver/Src/stm32l4xx_hal_pwr_ex.o
 .debug_ranges  0x0000000000000588       0x88 ./Drivers/STM32L4xx_HAL_Driver/Src/stm32l4xx_hal_rcc.o
 .debug_ranges  0x0000000000000610      0x100 ./Drivers/STM32L4xx_HAL_Driver/Src/stm32l4xx_hal_rcc_ex.o
 .debug_ranges  0x0000000000000710      0x1c8 ./Drivers/STM32L4xx_HAL_Driver/Src/stm32l4xx_hal_spi.o
 .debug_ranges  0x00000000000008d8      0x268 ./Drivers/STM32L4xx_HAL_Driver/Src/stm32l4xx_hal_uart.o
 .debug_ranges  0x0000000000000b40       0x90 ./Drivers/STM32L4xx_HAL_Driver/Src/stm32l4xx_hal_uart_ex.o
 .debug_ranges  0x0000000000000bd0       0x18 ./FATFS/App/fatfs.o
 .debug_ranges  0x0000000000000be8       0x30 ./FATFS/Target/user_diskio.o
 .debug_ranges  0x0000000000000c18       0x38 ./Middlewares/Third_Party/FatFs/src/diskio.o
 .debug_ranges  0x0000000000000c50      0x240 ./Middlewares/Third_Party/FatFs/src/ff.o
 .debug_ranges  0x0000000000000e90       0x30 ./Middlewares/Third_Party/FatFs/src/ff_gen_drv.o
 .debug_ranges  0x0000000000000ec0       0x18 ./Middlewares/Third_Party/FatFs/src/option/ccsbcs.o

.debug_macro    0x0000000000000000    0x2c016
 .debug_macro   0x0000000000000000      0x356 ./Core/Src/bitmap_driver.o
 .debug_macro   0x0000000000000356      0xaa8 ./Core/Src/bitmap_driver.o
 .debug_macro   0x0000000000000dfe      0x1ad ./Core/Src/bitmap_driver.o
 .debug_macro   0x0000000000000fab       0x2e ./Core/Src/bitmap_driver.o
 .debug_macro   0x0000000000000fd9       0x28 ./Core/Src/bitmap_driver.o
 .debug_macro   0x0000000000001001       0x22 ./Core/Src/bitmap_driver.o
 .debug_macro   0x0000000000001023       0x8e ./Core/Src/bitmap_driver.o
 .debug_macro   0x00000000000010b1       0x51 ./Core/Src/bitmap_driver.o
 .debug_macro   0x0000000000001102      0x103 ./Core/Src/bitmap_driver.o
 .debug_macro   0x0000000000001205       0x6a ./Core/Src/bitmap_driver.o
 .debug_macro   0x000000000000126f      0x1df ./Core/Src/bitmap_driver.o
 .debug_macro   0x000000000000144e       0x1c ./Core/Src/bitmap_driver.o
 .debug_macro   0x000000000000146a       0x22 ./Core/Src/bitmap_driver.o
 .debug_macro   0x000000000000148c      0x101 ./Core/Src/bitmap_driver.o
 .debug_macro   0x000000000000158d     0x1011 ./Core/Src/bitmap_driver.o
 .debug_macro   0x000000000000259e      0x11f ./Core/Src/bitmap_driver.o
 .debug_macro   0x00000000000026bd    0x1cb71 ./Core/Src/bitmap_driver.o
 .debug_macro   0x000000000001f22e       0x6d ./Core/Src/bitmap_driver.o
 .debug_macro   0x000000000001f29b     0x38e9 ./Core/Src/bitmap_driver.o
 .debug_macro   0x0000000000022b84      0x174 ./Core/Src/bitmap_driver.o
 .debug_macro   0x0000000000022cf8       0x5c ./Core/Src/bitmap_driver.o
 .debug_macro   0x0000000000022d54     0x1884 ./Core/Src/bitmap_driver.o
 .debug_macro   0x00000000000245d8      0x7dc ./Core/Src/bitmap_driver.o
 .debug_macro   0x0000000000024db4      0x1b9 ./Core/Src/bitmap_driver.o
 .debug_macro   0x0000000000024f6d      0x225 ./Core/Src/bitmap_driver.o
 .debug_macro   0x0000000000025192      0x486 ./Core/Src/bitmap_driver.o
 .debug_macro   0x0000000000025618      0x1ce ./Core/Src/bitmap_driver.o
 .debug_macro   0x00000000000257e6       0x43 ./Core/Src/bitmap_driver.o
 .debug_macro   0x0000000000025829      0x23d ./Core/Src/bitmap_driver.o
 .debug_macro   0x0000000000025a66      0x241 ./Core/Src/bitmap_driver.o
 .debug_macro   0x0000000000025ca7      0x416 ./Core/Src/bitmap_driver.o
 .debug_macro   0x00000000000260bd       0x1c ./Core/Src/bitmap_driver.o
 .debug_macro   0x00000000000260d9       0xf2 ./Core/Src/bitmap_driver.o
 .debug_macro   0x00000000000261cb      0x22c ./Core/Src/bitmap_driver.o
 .debug_macro   0x00000000000263f7       0x61 ./Core/Src/bitmap_driver.o
 .debug_macro   0x0000000000026458       0xa5 ./Core/Src/bitmap_driver.o
 .debug_macro   0x00000000000264fd      0x122 ./Core/Src/bitmap_driver.o
 .debug_macro   0x000000000002661f      0x3f6 ./Core/Src/bitmap_driver.o
 .debug_macro   0x0000000000026a15      0x2fe ./Core/Src/bitmap_driver.o
 .debug_macro   0x0000000000026d13      0x67e ./Core/Src/bitmap_driver.o
 .debug_macro   0x0000000000027391       0xa6 ./Core/Src/bitmap_driver.o
 .debug_macro   0x0000000000027437      0x432 ./Core/Src/bitmap_driver.o
 .debug_macro   0x0000000000027869       0xc4 ./Core/Src/bitmap_driver.o
 .debug_macro   0x000000000002792d       0xe5 ./Core/Src/bitmap_driver.o
 .debug_macro   0x0000000000027a12       0x18 ./Core/Src/bitmap_driver.o
 .debug_macro   0x0000000000027a2a       0x52 ./Core/Src/bitmap_driver.o
 .debug_macro   0x0000000000027a7c       0x3c ./Core/Src/bitmap_driver.o
 .debug_macro   0x0000000000027ab8       0x34 ./Core/Src/bitmap_driver.o
 .debug_macro   0x0000000000027aec       0x16 ./Core/Src/bitmap_driver.o
 .debug_macro   0x0000000000027b02       0x35 ./Core/Src/bitmap_driver.o
 .debug_macro   0x0000000000027b37       0x16 ./Core/Src/bitmap_driver.o
 .debug_macro   0x0000000000027b4d       0x43 ./Core/Src/bitmap_driver.o
 .debug_macro   0x0000000000027b90       0x34 ./Core/Src/bitmap_driver.o
 .debug_macro   0x0000000000027bc4       0x10 ./Core/Src/bitmap_driver.o
 .debug_macro   0x0000000000027bd4       0x58 ./Core/Src/bitmap_driver.o
 .debug_macro   0x0000000000027c2c       0x71 ./Core/Src/bitmap_driver.o
 .debug_macro   0x0000000000027c9d       0x1c ./Core/Src/bitmap_driver.o
 .debug_macro   0x0000000000027cb9      0x12a ./Core/Src/bitmap_driver.o
 .debug_macro   0x0000000000027de3      0x333 ./Core/Src/bitmap_driver.o
 .debug_macro   0x0000000000028116       0x16 ./Core/Src/bitmap_driver.o
 .debug_macro   0x000000000002812c       0x29 ./Core/Src/bitmap_driver.o
 .debug_macro   0x0000000000028155       0x12 ./Core/Src/bitmap_driver.o
 .debug_macro   0x0000000000028167       0xe2 ./Core/Src/bitmap_driver.o
 .debug_macro   0x0000000000028249       0x8e ./Core/Src/bitmap_driver.o
 .debug_macro   0x00000000000282d7       0x16 ./Core/Src/bitmap_driver.o
 .debug_macro   0x00000000000282ed       0x20 ./Core/Src/bitmap_driver.o
 .debug_macro   0x000000000002830d      0x35d ./Core/Src/main.o
 .debug_macro   0x000000000002866a       0xeb ./Core/Src/main.o
 .debug_macro   0x0000000000028755       0x94 ./Core/Src/main.o
 .debug_macro   0x00000000000287e9      0x340 ./Core/Src/sd_card.o
 .debug_macro   0x0000000000028b29       0x16 ./Core/Src/sd_card.o
 .debug_macro   0x0000000000028b3f       0x7c ./Core/Src/sd_card.o
 .debug_macro   0x0000000000028bbb       0x8e ./Core/Src/sd_card.o
 .debug_macro   0x0000000000028c49      0x1f7 ./Core/Src/stm32l4xx_hal_msp.o
 .debug_macro   0x0000000000028e40      0x201 ./Core/Src/stm32l4xx_it.o
 .debug_macro   0x0000000000029041       0xff ./Core/Src/sysmem.o
 .debug_macro   0x0000000000029140      0x23b ./Core/Src/sysmem.o
 .debug_macro   0x000000000002937b      0x1e8 ./Core/Src/system_stm32l4xx.o
 .debug_macro   0x0000000000029563      0x236 ./Drivers/STM32L4xx_HAL_Driver/Src/stm32l4xx_hal.o
 .debug_macro   0x0000000000029799      0x1e8 ./Drivers/STM32L4xx_HAL_Driver/Src/stm32l4xx_hal_cortex.o
 .debug_macro   0x0000000000029981      0x1ef ./Drivers/STM32L4xx_HAL_Driver/Src/stm32l4xx_hal_gpio.o
 .debug_macro   0x0000000000029b70      0x212 ./Drivers/STM32L4xx_HAL_Driver/Src/stm32l4xx_hal_pwr_ex.o
 .debug_macro   0x0000000000029d82      0x22a ./Drivers/STM32L4xx_HAL_Driver/Src/stm32l4xx_hal_rcc.o
 .debug_macro   0x0000000000029fac      0x21e ./Drivers/STM32L4xx_HAL_Driver/Src/stm32l4xx_hal_rcc_ex.o
 .debug_macro   0x000000000002a1ca      0x1f0 ./Drivers/STM32L4xx_HAL_Driver/Src/stm32l4xx_hal_spi.o
 .debug_macro   0x000000000002a3ba      0x213 ./Drivers/STM32L4xx_HAL_Driver/Src/stm32l4xx_hal_uart.o
 .debug_macro   0x000000000002a5cd      0x1f4 ./Drivers/STM32L4xx_HAL_Driver/Src/stm32l4xx_hal_uart_ex.o
 .debug_macro   0x000000000002a7c1      0x31c ./FATFS/App/fatfs.o
 .debug_macro   0x000000000002aadd      0x360 ./FATFS/Target/user_diskio.o
 .debug_macro   0x000000000002ae3d       0x10 ./FATFS/Target/user_diskio.o
 .debug_macro   0x000000000002ae4d       0xfb ./FATFS/Target/user_diskio.o
 .debug_macro   0x000000000002af48       0x56 ./FATFS/Target/user_diskio.o
 .debug_macro   0x000000000002af9e      0x309 ./Middlewares/Third_Party/FatFs/src/diskio.o
 .debug_macro   0x000000000002b2a7      0x717 ./Middlewares/Third_Party/FatFs/src/ff.o
 .debug_macro   0x000000000002b9be       0x58 ./Middlewares/Third_Party/FatFs/src/ff.o
 .debug_macro   0x000000000002ba16      0x309 ./Middlewares/Third_Party/FatFs/src/ff_gen_drv.o
 .debug_macro   0x000000000002bd1f      0x2f7 ./Middlewares/Third_Party/FatFs/src/option/ccsbcs.o

.debug_line     0x0000000000000000    0x17238
 .debug_line    0x0000000000000000      0x9ec ./Core/Src/bitmap_driver.o
 .debug_line    0x00000000000009ec      0xbca ./Core/Src/main.o
 .debug_line    0x00000000000015b6      0xf19 ./Core/Src/sd_card.o
 .debug_line    0x00000000000024cf      0x812 ./Core/Src/stm32l4xx_hal_msp.o
 .debug_line    0x0000000000002ce1      0x808 ./Core/Src/stm32l4xx_it.o
 .debug_line    0x00000000000034e9      0x4f8 ./Core/Src/sysmem.o
 .debug_line    0x00000000000039e1      0x7a8 ./Core/Src/system_stm32l4xx.o
 .debug_line    0x0000000000004189       0x88 ./Core/Startup/startup_stm32l4r5zitx.o
 .debug_line    0x0000000000004211      0xb02 ./Drivers/STM32L4xx_HAL_Driver/Src/stm32l4xx_hal.o
 .debug_line    0x0000000000004d13      0xca9 ./Drivers/STM32L4xx_HAL_Driver/Src/stm32l4xx_hal_cortex.o
 .debug_line    0x00000000000059bc      0xb5e ./Drivers/STM32L4xx_HAL_Driver/Src/stm32l4xx_hal_gpio.o
 .debug_line    0x000000000000651a      0xd63 ./Drivers/STM32L4xx_HAL_Driver/Src/stm32l4xx_hal_pwr_ex.o
 .debug_line    0x000000000000727d     0x105f ./Drivers/STM32L4xx_HAL_Driver/Src/stm32l4xx_hal_rcc.o
 .debug_line    0x00000000000082dc     0x192a ./Drivers/STM32L4xx_HAL_Driver/Src/stm32l4xx_hal_rcc_ex.o
 .debug_line    0x0000000000009c06     0x1f3c ./Drivers/STM32L4xx_HAL_Driver/Src/stm32l4xx_hal_spi.o
 .debug_line    0x000000000000bb42     0x3b75 ./Drivers/STM32L4xx_HAL_Driver/Src/stm32l4xx_hal_uart.o
 .debug_line    0x000000000000f6b7      0xd9e ./Drivers/STM32L4xx_HAL_Driver/Src/stm32l4xx_hal_uart_ex.o
 .debug_line    0x0000000000010455      0x900 ./FATFS/App/fatfs.o
 .debug_line    0x0000000000010d55      0x98c ./FATFS/Target/user_diskio.o
 .debug_line    0x00000000000116e1      0x96f ./Middlewares/Third_Party/FatFs/src/diskio.o
 .debug_line    0x0000000000012050     0x3e8e ./Middlewares/Third_Party/FatFs/src/ff.o
 .debug_line    0x0000000000015ede      0x98d ./Middlewares/Third_Party/FatFs/src/ff_gen_drv.o
 .debug_line    0x000000000001686b      0x9cd ./Middlewares/Third_Party/FatFs/src/option/ccsbcs.o

.debug_str      0x0000000000000000   0x102f58
 .debug_str     0x0000000000000000    0xfd5c7 ./Core/Src/bitmap_driver.o
                                      0xfd977 (size before relaxing)
 .debug_str     0x00000000000fd5c7      0xbe9 ./Core/Src/main.o
                                      0xfe57c (size before relaxing)
 .debug_str     0x00000000000fe1b0      0x129 ./Core/Src/sd_card.o
                                      0xfde1e (size before relaxing)
 .debug_str     0x00000000000fe2d9      0x30b ./Core/Src/stm32l4xx_hal_msp.o
                                      0xfa7ad (size before relaxing)
 .debug_str     0x00000000000fe5e4       0xd6 ./Core/Src/stm32l4xx_it.o
                                      0xf9cde (size before relaxing)
 .debug_str     0x00000000000fe6ba      0x4e9 ./Core/Src/sysmem.o
                                       0x62a7 (size before relaxing)
 .debug_str     0x00000000000feba3       0xb8 ./Core/Src/system_stm32l4xx.o
                                      0xf9b1b (size before relaxing)
 .debug_str     0x00000000000fec5b       0x36 ./Core/Startup/startup_stm32l4r5zitx.o
                                         0x78 (size before relaxing)
 .debug_str     0x00000000000fec91      0x9fb ./Drivers/STM32L4xx_HAL_Driver/Src/stm32l4xx_hal.o
                                      0xfa657 (size before relaxing)
 .debug_str     0x00000000000ff68c      0x389 ./Drivers/STM32L4xx_HAL_Driver/Src/stm32l4xx_hal_cortex.o
                                      0xfa3a2 (size before relaxing)
 .debug_str     0x00000000000ffa15      0x161 ./Drivers/STM32L4xx_HAL_Driver/Src/stm32l4xx_hal_gpio.o
                                      0xf9ccd (size before relaxing)
 .debug_str     0x00000000000ffb76      0x586 ./Drivers/STM32L4xx_HAL_Driver/Src/stm32l4xx_hal_pwr_ex.o
                                      0xfa104 (size before relaxing)
 .debug_str     0x00000000001000fc      0x3f8 ./Drivers/STM32L4xx_HAL_Driver/Src/stm32l4xx_hal_rcc.o
                                      0xfa12e (size before relaxing)
 .debug_str     0x00000000001004f4      0x5ac ./Drivers/STM32L4xx_HAL_Driver/Src/stm32l4xx_hal_rcc_ex.o
                                      0xfa4ea (size before relaxing)
 .debug_str     0x0000000000100aa0      0x58f ./Drivers/STM32L4xx_HAL_Driver/Src/stm32l4xx_hal_spi.o
                                      0xfa3bb (size before relaxing)
 .debug_str     0x000000000010102f      0x964 ./Drivers/STM32L4xx_HAL_Driver/Src/stm32l4xx_hal_uart.o
                                      0xfa989 (size before relaxing)
 .debug_str     0x0000000000101993      0x2e5 ./Drivers/STM32L4xx_HAL_Driver/Src/stm32l4xx_hal_uart_ex.o
                                      0xfa1ca (size before relaxing)
 .debug_str     0x0000000000101c78       0x2f ./FATFS/App/fatfs.o
                                      0xfd681 (size before relaxing)
 .debug_str     0x0000000000101ca7       0x6d ./FATFS/Target/user_diskio.o
                                      0xfd8b8 (size before relaxing)
 .debug_str     0x0000000000101d14       0x52 ./Middlewares/Third_Party/FatFs/src/diskio.o
                                      0xfd58e (size before relaxing)
 .debug_str     0x0000000000101d66     0x10f0 ./Middlewares/Third_Party/FatFs/src/ff.o
                                      0xfe87f (size before relaxing)