sd_card.c:23:13:select	8	static
sd_card.c:27:13:deselect	8	static
sd_card.c:31:26:spi_txByte	16	static
sd_card.c:37:16:spi_rxByte	24	static
sd_card.c:45:16:SD_ReadyWait	16	static
sd_card.c:58:16:SD_sendCommand	24	static
sd_card.c:100:9:SD_getCSD	32	static
sd_card.c:126:13:SD_PowerOn	32	static
sd_card.c:163:13:SD_PowerOff	4	static
sd_card.c:168:9:SD_init	32	static
sd_card.c:226:9:SD_status	16	static
sd_card.c:233:9:SD_read	40	static
sd_card.c:261:9:SD_write	40	static
sd_card.c:291:9:SD_ioctl	56	static
